Microchip MPLAB XC8 Compiler V2.41

Linker command line:

-W-3 \
  --edf=C:\Program Files\Microchip\xc8\v2.41\pic\dat\20230208172133_en.msgs \
  -cn -h+dist/default/production\int0p_1.X.production.sym \
  --cmf=dist/default/production\int0p_1.X.production.cmf -z -Q18F4550 \
  -oC:\Users\ADMINI~1\AppData\Local\Temp\xcAs20oc.\driver_tmp_3.o \
  --defsym=__MPLAB_BUILD=1 --fixupoverflow=error \
  -Mdist/default/production/int0p_1.X.production.map \
  --md=C:\Users\ADMINI~1\AppData\Local\Temp\xcAs20oc.\driver_tmp_0.dat -E1 \
  -ver=XC8 Compiler --acfsm=1493 -ACODE=00h-07FFFh -ACONST=00h-07FFFh \
  -ASMALLCONST=0800h-08FFhx120 -AMEDIUMCONST=0800h-07FFFh -ACOMRAM=01h-05Fh \
  -AABS1=00h-07FFh -ABIGRAM=01h-07FFh -ARAM=060h-0FFh,0100h-01FFhx7 \
  -ABANK0=060h-0FFh -ABANK1=0100h-01FFh -ABANK2=0200h-02FFh \
  -ABANK3=0300h-03FFh -ABANK4=0400h-04FFh -ABANK5=0500h-05FFh \
  -ABANK6=0600h-06FFh -ABANK7=0700h-07FFh -ASFR=0F60h-0FFFh \
  -ABIGSFR=0F60h-0FFFh -ACONFIG=0300000h-030000Dh -AIDLOC=0200000h-0200007h \
  -AEEDATA=0F00000h-0F000FFh -peeprom_data=EEDATA \
  -preset_vec=00h,intcode=08h,intcodelo=018h,powerup,init -pramtop=0800h \
  -psmallconst=SMALLCONST -pmediumconst=MEDIUMCONST -pconst=CONST \
  -AFARRAM=00h-00h \
  -prdata=COMRAM,nvrram=COMRAM,nvbit=COMRAM,rbss=COMRAM,rbit=COMRAM \
  -pfarbss=FARRAM,fardata=FARRAM,nvFARRAM=FARRAM \
  -pintsave_regs=BIGRAM,bigbss=BIGRAM,bigdata=BIGRAM -pbss=RAM \
  -pidata=CODE,irdata=CODE,ibigdata=CODE,ifardata=CODE -prparam=COMRAM \
  C:\Users\ADMINI~1\AppData\Local\Temp\xcAs20oc.\driver_tmp_9.o \
  dist/default/production\int0p_1.X.production.o 

Object code version is 3.11

Machine type is 18F4550



                Name                               Link     Load   Length Selector   Space Scale
C:\Users\ADMINI~1\AppData\Local\Temp\xcAs20oc.\driver_tmp_9.o
                idloc                            200000   200000        8        0       5
                config                           300000   300000        E        0       4
                init                                 56       56        4        C       0
                reset_vec                             0        0        4        0       0
dist/default/production\int0p_1.X.production.o
                intcodelo                            18       18       3E        C       0
                intcode                               8        8        6        4       0
                idloc                            200000   200000        8        0       5
                config                           300000   300000        E        0       4
                temp                                  4        4        1        1       1
                intcode_body                         A6       A6       36        C       0
                text3                                DC       DC       26        C       0
                text2                               112      112        C        C       0
                text1                               102      102       10        C       0
                text0                                5A       5A       4C        C       0
                cstackCOMRAM                          1        1        3        1       1
                cinit                               11E      11E        A        C       0

TOTAL           Name                               Link     Load   Length     Space
        CLASS   CODE           
                intcodelo                            18       18       3E         0
                intcode                               8        8        6         0
                init                                 56       56        4         0
                reset_vec                             0        0        4         0
                intcode_body                         A6       A6       36         0
                text3                                DC       DC       26         0
                text2                               112      112        C         0
                text1                               102      102       10         0
                text0                                5A       5A       4C         0
                cinit                               11E      11E        A         0

        CLASS   CONST          

        CLASS   SMALLCONST     

        CLASS   MEDIUMCONST    

        CLASS   COMRAM         
                temp                                  4        4        1         1
                cstackCOMRAM                          1        1        3         1

        CLASS   ABS1           

        CLASS   BIGRAM         

        CLASS   RAM            

        CLASS   BANK0          

        CLASS   BANK1          

        CLASS   BANK2          

        CLASS   BANK3          

        CLASS   BANK4          

        CLASS   BANK5          

        CLASS   BANK6          

        CLASS   BANK7          

        CLASS   SFR            

        CLASS   BIGSFR         

        CLASS   CONFIG         
                config                           300000   300000        E         4

        CLASS   IDLOC          
                idloc                            200000   200000        8         5

        CLASS   EEDATA         

        CLASS   FARRAM         

        CLASS   HEAP           

        CLASS   STACK          



SEGMENTS        Name                           Load    Length   Top    Selector   Space  Class

                reset_vec                      000000  000004  000004         0       0  CODE    
                cstackCOMRAM                   000001  000004  000005         1       1  COMRAM  
                intcode                        000008  000006  00000E         4       0  CODE    
                intcodelo                      000018  000110  000128         C       0  CODE    


UNUSED ADDRESS RANGES

        Name                Unused          Largest block    Delta
        BANK0            000060-0000FF               A0
        BANK1            000100-0001FF              100
        BANK2            000200-0002FF              100
        BANK3            000300-0003FF              100
        BANK4            000400-0004FF              100
        BANK5            000500-0005FF              100
        BANK6            000600-0006FF              100
        BANK7            000700-0007FF              100
        BIGRAM           000005-0007FF              7FB
        BIGSFR           000F60-000FFF               A0
        CODE             000004-000007                4
                         00000E-000017                A
                         000128-007FFF             7ED8
        COMRAM           000005-00005F               5B
        CONST            000004-000007                4
                         00000E-000017                A
                         000128-007FFF             7ED8
        EEDATA           F00000-F000FF              100
        MEDIUMCONST      000800-007FFF             7800
        RAM              000060-0007FF              100
        SFR              000F60-000FFF               A0
        SMALLCONST       000800-007FFF              100

                                  Symbol Table

_INT0_ISR                         intcode      000008
_INT1_ISR                         intcodelo    000018
_INTCON                           (abs)        000FF2
_INTCON2                          (abs)        000FF1
_INTCON2bits                      (abs)        000FF1
_INTCON3                          (abs)        000FF0
_INTCON3bits                      (abs)        000FF0
_INTCONbits                       (abs)        000FF2
_Init_External_Interrupt          text3        0000DC
_Init_Gpio_System                 text2        000112
_Init_Internal_Oscillator         text1        000102
_LATDbits                         (abs)        000F8C
_OSCCON                           (abs)        000FD3
_OSCCONbits                       (abs)        000FD3
_PORTBbits                        (abs)        000F81
_RCON                             (abs)        000FD0
_RCONbits                         (abs)        000FD0
_TRISBbits                        (abs)        000F93
_TRISDbits                        (abs)        000F95
__HRAM                            (abs)        000000
__H__absolute__                   __absolute__ 000000
__Habs1                           abs1         000000
__Hbank0                          bank0        000000
__Hbank1                          bank1        000000
__Hbank2                          bank2        000000
__Hbank3                          bank3        000000
__Hbank4                          bank4        000000
__Hbank5                          bank5        000000
__Hbank6                          bank6        000000
__Hbank7                          bank7        000000
__Hbigbss                         bigbss       000000
__Hbigdata                        bigdata      000000
__Hbigram                         bigram       000000
__Hbigsfr                         bigsfr       000000
__Hbss                            bss          000000
__Hcinit                          cinit        000000
__Hclrtext                        clrtext      000000
__Hcomram                         comram       000000
__Hconfig                         config       30000E
__Hconst                          const        000000
__HcstackCOMRAM                   cstackCOMRAM 000000
__Hdata                           data         000000
__Heeprom_data                    eeprom_data  000000
__Hfarbss                         farbss       000000
__Hfardata                        fardata      000000
__Hheap                           heap         000000
__Hibigdata                       ibigdata     000000
__Hidata                          idata        000000
__Hidloc                          idloc        200008
__Hifardata                       ifardata     000000
__Hinit                           init         00005A
__Hintcode                        intcode      00000E
__Hintcode_body                   intcode_body 000000
__Hintcodelo                      intcodelo    000056
__Hintentry                       intentry     000000
__Hintret                         intret       000000
__Hintsave_regs                   intsave_regs 000000
__Hirdata                         irdata       000000
__Hmediumconst                    mediumconst  000000
__HnvFARRAM                       nvFARRAM     000000
__Hnvbit                          nvbit        000000
__Hnvrram                         nvrram       000000
__Hparam                          rparam       000000
__Hpowerup                        powerup      000056
__Hram                            ram          000000
__Hramtop                         ramtop       000800
__Hrbit                           rbit         000000
__Hrbss                           rbss         000000
__Hrdata                          rdata        000000
__Hreset_vec                      reset_vec    000004
__Hrparam                         rparam       000000
__Hsfr                            sfr          000000
__Hsmallconst                     smallconst   000000
__Hspace_0                        (abs)        000800
__Hspace_1                        (abs)        000005
__Hspace_2                        (abs)        000000
__Hspace_4                        (abs)        60000E
__Hstack                          stack        000000
__Hstruct                         struct       000000
__Htemp                           temp         000005
__Htext                           text         000000
__Htext0                          text0        000000
__Htext1                          text1        000000
__Htext2                          text2        000000
__Htext3                          text3        000000
__LRAM                            (abs)        000001
__L__absolute__                   __absolute__ 000000
__Labs1                           abs1         000000
__Lbank0                          bank0        000000
__Lbank1                          bank1        000000
__Lbank2                          bank2        000000
__Lbank3                          bank3        000000
__Lbank4                          bank4        000000
__Lbank5                          bank5        000000
__Lbank6                          bank6        000000
__Lbank7                          bank7        000000
__Lbigbss                         bigbss       000000
__Lbigdata                        bigdata      000000
__Lbigram                         bigram       000000
__Lbigsfr                         bigsfr       000000
__Lbss                            bss          000000
__Lcinit                          cinit        000000
__Lclrtext                        clrtext      000000
__Lcomram                         comram       000000
__Lconfig                         config       000000
__Lconst                          const        000000
__LcstackCOMRAM                   cstackCOMRAM 000000
__Ldata                           data         000000
__Leeprom_data                    eeprom_data  000000
__Lfarbss                         farbss       000000
__Lfardata                        fardata      000000
__Lheap                           heap         000000
__Libigdata                       ibigdata     000000
__Lidata                          idata        000000
__Lidloc                          idloc        000000
__Lifardata                       ifardata     000000
__Linit                           init         000056
__Lintcode                        intcode      000008
__Lintcode_body                   intcode_body 000000
__Lintcodelo                      intcodelo    000018
__Lintentry                       intentry     000000
__Lintret                         intret       000000
__Lintsave_regs                   intsave_regs 000000
__Lirdata                         irdata       000000
__Lmediumconst                    mediumconst  000000
__LnvFARRAM                       nvFARRAM     000000
__Lnvbit                          nvbit        000000
__Lnvrram                         nvrram       000000
__Lparam                          rparam       000000
__Lpowerup                        powerup      000056
__Lram                            ram          000000
__Lramtop                         ramtop       000800
__Lrbit                           rbit         000000
__Lrbss                           rbss         000000
__Lrdata                          rdata        000000
__Lreset_vec                      reset_vec    000000
__Lrparam                         rparam       000000
__Lsfr                            sfr          000000
__Lsmallconst                     smallconst   000000
__Lspace_0                        (abs)        000000
__Lspace_1                        (abs)        000000
__Lspace_2                        (abs)        000000
__Lspace_4                        (abs)        000000
__Lstack                          stack        000000
__Lstruct                         struct       000000
__Ltemp                           temp         000004
__Ltext                           text         000000
__Ltext0                          text0        000000
__Ltext1                          text1        000000
__Ltext2                          text2        000000
__Ltext3                          text3        000000
__S0                              (abs)        000128
__S1                              (abs)        000005
__S4                              (abs)        000000
__S5                              (abs)        000000
___heap_hi                        (abs)        000000
___heap_lo                        (abs)        000000
___inthi_sp                       stack        000000
___intlo_sp                       stack        000000
___param_bank                     (abs)        000000
___rparam_used                    (abs)        000001
___sp                             stack        000000
__accesstop                       (abs)        000060
__activetblptr                    (abs)        000000
__end_of_INT0_ISR                 intcode_body 0000DC
__end_of_INT1_ISR                 intcodelo    000056
__end_of_Init_External_Interrupt  text3        000102
__end_of_Init_Gpio_System         text2        00011E
__end_of_Init_Internal_Oscillator text1        000112
__end_of__initialization          cinit        00011E
__end_of_main                     text0        0000A6
__initialization                  cinit        00011E
__mediumconst                     mediumconst  000000
__pcinit                          cinit        00011E
__pcstackCOMRAM                   cstackCOMRAM 000001
__pintcode                        intcode      000008
__pintcode_body                   intcode_body 0000A6
__pintcodelo                      intcodelo    000018
__ptext0                          text0        00005A
__ptext1                          text1        000102
__ptext2                          text2        000112
__ptext3                          text3        0000DC
__ramtop                          ramtop       000800
__smallconst                      smallconst   000000
_main                             text0        00005A
btemp                             temp         000004
end_of_initialization             cinit        00011E
int$flags                         temp         000004
int_func                          intcode_body 0000A6
intlevel0                         text         000000
intlevel1                         text         000000
intlevel2                         text         000000
intlevel3                         text         000000
isa$std                           (abs)        000001
isa$xinst                         (abs)        000000
stackhi                           (abs)        000000
stacklo                           (abs)        000000
start                             init         000056
start_initialization              cinit        00011E
ttemp5                            temp         000005
ttemp6                            temp         000008
ttemp7                            temp         00000C
wtemp8                            temp         000005


MODULE INFORMATION

Module		Function		Class		Link	Load	Size
shared
		__initialization		CODE           	011E	0000	1

shared estimated size: 1

main.c
		_Init_Internal_Oscillator		CODE           	0102	0000	16
		_main          		CODE           	005A	0000	76
		_Init_Gpio_System		CODE           	0112	0000	12
		_INT0_ISR      		CODE           	0008	0000	60
		_INT1_ISR      		CODE           	0018	0000	62
		_Init_External_Interrupt		CODE           	00DC	0000	38

main.c estimated size: 264

