Microchip MPLAB XC8 Compiler V2.32

Linker command line:

-W-3 --edf=C:\Program Files\Microchip\xc8\v2.32\pic\dat\en_msgs.txt -cn \
  -h+dist/default/production\lcd_16x2.X.production.sym \
  --cmf=dist/default/production\lcd_16x2.X.production.cmf -z -Q18F4550 \
  -oC:\Users\jmott\AppData\Local\Temp\xcAshkk.4 --defsym=__MPLAB_BUILD=1 \
  -Mdist/default/production/lcd_16x2.X.production.map -E1 -ver=XC8 Compiler \
  --acfsm=1493 -ASTACK=060h-07FFh -pstack=STACK -ACODE=00h-07FFFh \
  -ACONST=00h-07FFFh -ASMALLCONST=0800h-08FFhx120 \
  -AMEDIUMCONST=0800h-07FFFh -ACOMRAM=01h-05Fh -AABS1=00h-07FFh \
  -ABIGRAM=01h-07FFh -ARAM=060h-0FFh,0100h-01FFhx7 -ABANK0=060h-0FFh \
  -ABANK1=0100h-01FFh -ABANK2=0200h-02FFh -ABANK3=0300h-03FFh \
  -ABANK4=0400h-04FFh -ABANK5=0500h-05FFh -ABANK6=0600h-06FFh \
  -ABANK7=0700h-07FFh -ASFR=0F60h-0FFFh -ACONFIG=0300000h-030000Dh \
  -AIDLOC=0200000h-0200007h -AEEDATA=0F00000h-0F000FFh -peeprom_data=EEDATA \
  -preset_vec=00h,intcode,intcodelo,powerup,init -pramtop=0800h \
  -psmallconst=SMALLCONST -pmediumconst=MEDIUMCONST -pconst=CONST \
  -AFARRAM=00h-00h \
  -prdata=COMRAM,nvrram=COMRAM,nvbit=COMRAM,rbss=COMRAM,rbit=COMRAM \
  -pfarbss=FARRAM,fardata=FARRAM,nvFARRAM=FARRAM \
  -pintsave_regs=BIGRAM,bigbss=BIGRAM,bigdata=BIGRAM -pbss=RAM \
  -pidata=CODE,irdata=CODE,ibigdata=CODE,ifardata=CODE -prparam=COMRAM \
  C:\Users\jmott\AppData\Local\Temp\xcAshkk.o \
  dist/default/production\lcd_16x2.X.production.o 

Object code version is 3.11

Machine type is 18F4550



                Name                               Link     Load   Length Selector   Space Scale
C:\Users\jmott\AppData\Local\Temp\xcAshkk.o
                idloc                            200000   200000        8        0       5
                config                           300000   300000        E        0       4
                init                                  0        0        4        0       0
dist/default/production\lcd_16x2.X.production.o
                idloc                            200000   200000        8        0       5
                config                           300000   300000        E        0       4
                smallconst                          800      800        8      400       0
                text8                               9A0      9A0        8      404       0
                text7                               808      808       74      404       0
                text6                               994      994        C      404       0
                text5                               950      950       2A      404       0
                text4                               988      988        C      404       0
                text3                               87C      87C       50      404       0
                text2                               8CC      8CC       44      404       0
                text1                               9A8      9A8        6      404       0
                text0                               910      910       40      404       0
                cstackCOMRAM                          1        1        C        1       1
                cinit                               97A      97A        E      404       0

TOTAL           Name                               Link     Load   Length     Space
        CLASS   STACK          

        CLASS   CODE           
                init                                  0        0        4         0
                text8                               9A0      9A0        8         0
                text7                               808      808       74         0
                text6                               994      994        C         0
                text5                               950      950       2A         0
                text4                               988      988        C         0
                text3                               87C      87C       50         0
                text2                               8CC      8CC       44         0
                text1                               9A8      9A8        6         0
                text0                               910      910       40         0
                cinit                               97A      97A        E         0

        CLASS   CONST          

        CLASS   SMALLCONST     
                smallconst                          800      800        8         0

        CLASS   MEDIUMCONST    

        CLASS   COMRAM         
                cstackCOMRAM                          1        1        C         1

        CLASS   ABS1           

        CLASS   BIGRAM         

        CLASS   RAM            

        CLASS   BANK0          

        CLASS   BANK1          

        CLASS   BANK2          

        CLASS   BANK3          

        CLASS   BANK4          

        CLASS   BANK5          

        CLASS   BANK6          

        CLASS   BANK7          

        CLASS   SFR            

        CLASS   CONFIG         
                config                           300000   300000        E         4

        CLASS   IDLOC          
                idloc                            200000   200000        8         5

        CLASS   EEDATA         

        CLASS   FARRAM         



SEGMENTS        Name                           Load    Length   Top    Selector   Space  Class

                reset_vec                      000000  000004  000004         0       0  CODE    
                cstackCOMRAM                   000001  00000C  00000D         1       1  COMRAM  
                smallconst                     000800  000008  000808       400       0  SMALLCON
                text7                          000808  0001A6  0009AE       404       0  CODE    


UNUSED ADDRESS RANGES

        Name                Unused          Largest block    Delta
        BANK0            000060-0000FF               A0
        BANK1            000100-0001FF              100
        BANK2            000200-0002FF              100
        BANK3            000300-0003FF              100
        BANK4            000400-0004FF              100
        BANK5            000500-0005FF              100
        BANK6            000600-0006FF              100
        BANK7            000700-0007FF              100
        BIGRAM           00000D-0007FF              7F3
        CODE             000004-0007FF              7FC
                         0009AE-007FFF             7652
        COMRAM           00000D-00005F               53
        CONST            000004-0007FF              7FC
                         0009AE-007FFF             7652
        EEDATA           F00000-F000FF              100
        MEDIUMCONST      0009AE-007FFF             7652
        RAM              000060-0007FF              100
        SFR              000F60-000FFF               A0
        SMALLCONST       0009AE-007FFF              100
        STACK            000060-0007FF              7A0

                                  Symbol Table

FM_Lcd_Send_Character@character_to_send cstackCOMRAM 000005
FM_Lcd_Send_Command@command_to_send     cstackCOMRAM 000005
FM_Lcd_Send_Nibble@byte_to_send         cstackCOMRAM 000002
FM_Lcd_Send_Nibble@lower_bits           cstackCOMRAM 000004
FM_Lcd_Send_Nibble@upper_bits           cstackCOMRAM 000003
FM_Lcd_Send_String@cadena               cstackCOMRAM 000006
FM_Lcd_Send_String@index                cstackCOMRAM 00000A
FM_Lcd_Set_Cursor@base_pos              cstackCOMRAM 000008
FM_Lcd_Set_Cursor@columna               cstackCOMRAM 000006
FM_Lcd_Set_Cursor@filas                 cstackCOMRAM 000007
_FM_Lcd_Easy_Gpio_Init                  text8        0009A0
_FM_Lcd_Easy_Init                       text5        000950
_FM_Lcd_Send_Character                  text4        000988
_FM_Lcd_Send_Command                    text6        000994
_FM_Lcd_Send_Nibble                     text7        000808
_FM_Lcd_Send_String                     text3        00087C
_FM_Lcd_Set_Cursor                      text2        0008CC
_Init_Led_System                        text1        0009A8
_LATD                                   (abs)        000F8C
_TRISD                                  (abs)        000F95
__HRAM                                  (abs)        000000
__Habs1                                 abs1         000000
__Hbank0                                bank0        000000
__Hbank1                                bank1        000000
__Hbank2                                bank2        000000
__Hbank3                                bank3        000000
__Hbank4                                bank4        000000
__Hbank5                                bank5        000000
__Hbank6                                bank6        000000
__Hbank7                                bank7        000000
__Hbigbss                               bigbss       000000
__Hbigdata                              bigdata      000000
__Hbigram                               bigram       000000
__Hbss                                  bss          000000
__Hcinit                                cinit        000000
__Hclrtext                              clrtext      000000
__Hcomram                               comram       000000
__Hconfig                               config       30000E
__Hconst                                const        000000
__HcstackCOMRAM                         cstackCOMRAM 000000
__Hdata                                 data         000000
__Heeprom_data                          eeprom_data  000000
__Hfarbss                               farbss       000000
__Hfardata                              fardata      000000
__Hibigdata                             ibigdata     000000
__Hidata                                idata        000000
__Hidloc                                idloc        200008
__Hifardata                             ifardata     000000
__Hinit                                 init         000004
__Hintcode                              intcode      000000
__Hintcode_body                         intcode_body 000000
__Hintcodelo                            intcodelo    000000
__Hintentry                             intentry     000000
__Hintret                               intret       000000
__Hintsave_regs                         intsave_regs 000000
__Hirdata                               irdata       000000
__Hmediumconst                          mediumconst  000000
__HnvFARRAM                             nvFARRAM     000000
__Hnvbit                                nvbit        000000
__Hnvrram                               nvrram       000000
__Hparam                                rparam       000000
__Hpowerup                              powerup      000000
__Hram                                  ram          000000
__Hramtop                               ramtop       000800
__Hrbit                                 rbit         000000
__Hrbss                                 rbss         000000
__Hrdata                                rdata        000000
__Hreset_vec                            reset_vec    000000
__Hrparam                               rparam       000000
__Hsfr                                  sfr          000000
__Hsmallconst                           smallconst   000808
__Hspace_0                              (abs)        0009AE
__Hspace_1                              (abs)        00000D
__Hspace_2                              (abs)        000000
__Hspace_4                              (abs)        60000E
__Hstack                                stack        000000
__Hstruct                               struct       000000
__Htemp                                 temp         000000
__Htext                                 text         000000
__Htext0                                text0        000000
__Htext1                                text1        000000
__Htext2                                text2        000000
__Htext3                                text3        000000
__Htext4                                text4        000000
__Htext5                                text5        000000
__Htext6                                text6        000000
__Htext7                                text7        000000
__Htext8                                text8        000000
__LRAM                                  (abs)        000001
__Labs1                                 abs1         000000
__Lbank0                                bank0        000000
__Lbank1                                bank1        000000
__Lbank2                                bank2        000000
__Lbank3                                bank3        000000
__Lbank4                                bank4        000000
__Lbank5                                bank5        000000
__Lbank6                                bank6        000000
__Lbank7                                bank7        000000
__Lbigbss                               bigbss       000000
__Lbigdata                              bigdata      000000
__Lbigram                               bigram       000000
__Lbss                                  bss          000000
__Lcinit                                cinit        000000
__Lclrtext                              clrtext      000000
__Lcomram                               comram       000000
__Lconfig                               config       000000
__Lconst                                const        000000
__LcstackCOMRAM                         cstackCOMRAM 000000
__Ldata                                 data         000000
__Leeprom_data                          eeprom_data  000000
__Lfarbss                               farbss       000000
__Lfardata                              fardata      000000
__Libigdata                             ibigdata     000000
__Lidata                                idata        000000
__Lidloc                                idloc        000000
__Lifardata                             ifardata     000000
__Linit                                 init         000000
__Lintcode                              intcode      000000
__Lintcode_body                         intcode_body 000000
__Lintcodelo                            intcodelo    000000
__Lintentry                             intentry     000000
__Lintret                               intret       000000
__Lintsave_regs                         intsave_regs 000000
__Lirdata                               irdata       000000
__Lmediumconst                          mediumconst  000000
__LnvFARRAM                             nvFARRAM     000000
__Lnvbit                                nvbit        000000
__Lnvrram                               nvrram       000000
__Lparam                                rparam       000000
__Lpowerup                              powerup      000000
__Lram                                  ram          000000
__Lramtop                               ramtop       000800
__Lrbit                                 rbit         000000
__Lrbss                                 rbss         000000
__Lrdata                                rdata        000000
__Lreset_vec                            reset_vec    000000
__Lrparam                               rparam       000000
__Lsfr                                  sfr          000000
__Lsmallconst                           smallconst   000800
__Lspace_0                              (abs)        000000
__Lspace_1                              (abs)        000000
__Lspace_2                              (abs)        000000
__Lspace_4                              (abs)        000000
__Lstack                                stack        000000
__Lstruct                               struct       000000
__Ltemp                                 temp         000000
__Ltext                                 text         000000
__Ltext0                                text0        000000
__Ltext1                                text1        000000
__Ltext2                                text2        000000
__Ltext3                                text3        000000
__Ltext4                                text4        000000
__Ltext5                                text5        000000
__Ltext6                                text6        000000
__Ltext7                                text7        000000
__Ltext8                                text8        000000
__S0                                    (abs)        0009AE
__S1                                    (abs)        00000D
__S2                                    (abs)        000000
__S4                                    (abs)        000000
__S5                                    (abs)        000000
___inthi_sp                             stack        000000
___intlo_sp                             stack        000000
___param_bank                           (abs)        000000
___rparam_used                          (abs)        000001
___sp                                   stack        000000
__accesstop                             (abs)        000060
__activetblptr                          (abs)        000001
__end_of_FM_Lcd_Easy_Gpio_Init          text8        0009A8
__end_of_FM_Lcd_Easy_Init               text5        00097A
__end_of_FM_Lcd_Send_Character          text4        000994
__end_of_FM_Lcd_Send_Command            text6        0009A0
__end_of_FM_Lcd_Send_Nibble             text7        00087C
__end_of_FM_Lcd_Send_String             text3        0008CC
__end_of_FM_Lcd_Set_Cursor              text2        000910
__end_of_Init_Led_System                text1        0009AE
__end_of__initialization                cinit        00097A
__end_of_main                           text0        000950
__initialization                        cinit        00097A
__mediumconst                           mediumconst  000000
__pcinit                                cinit        00097A
__pcstackCOMRAM                         cstackCOMRAM 000001
__psmallconst                           smallconst   000800
__ptext0                                text0        000910
__ptext1                                text1        0009A8
__ptext2                                text2        0008CC
__ptext3                                text3        00087C
__ptext4                                text4        000988
__ptext5                                text5        000950
__ptext6                                text6        000994
__ptext7                                text7        000808
__ptext8                                text8        0009A0
__ramtop                                ramtop       000800
__size_of_FM_Lcd_Easy_Gpio_Init         (abs)        000000
__size_of_FM_Lcd_Easy_Init              (abs)        000000
__size_of_FM_Lcd_Send_Character         (abs)        000000
__size_of_FM_Lcd_Send_Command           (abs)        000000
__size_of_FM_Lcd_Send_Nibble            (abs)        000000
__size_of_FM_Lcd_Send_String            (abs)        000000
__size_of_FM_Lcd_Set_Cursor             (abs)        000000
__size_of_Init_Led_System               (abs)        000000
__size_of_main                          (abs)        000000
__smallconst                            smallconst   000800
_main                                   text0        000910
end_of_initialization                   cinit        00097A
intlevel0                               text         000000
intlevel1                               text         000000
intlevel2                               text         000000
intlevel3                               text         000000
isa$std                                 (abs)        000001
isa$xinst                               (abs)        000000
stackhi                                 (abs)        0007FF
stacklo                                 (abs)        000060
start                                   init         000000
start_initialization                    cinit        00097A


MODULE INFORMATION

Module		Function		Class		Link	Load	Size
FM_LCD16X2_Easy.c
		_FM_Lcd_Easy_Init		CODE           	0950	0000	42
		_FM_Lcd_Send_Nibble		CODE           	0808	0000	116
		_FM_Lcd_Set_Cursor		CODE           	08CC	0000	68
		_FM_Lcd_Easy_Gpio_Init		CODE           	09A0	0000	8
		_FM_Lcd_Send_String		CODE           	087C	0000	80
		_FM_Lcd_Send_Character		CODE           	0988	0000	12
		_FM_Lcd_Send_Command		CODE           	0994	0000	12

FM_LCD16X2_Easy.c estimated size: 338

shared
		__initialization		CODE           	097A	0000	1

shared estimated size: 1

main.c
		_Init_Led_System		CODE           	09A8	0000	6
		_main          		CODE           	0910	0000	64

main.c estimated size: 70

