Microchip MPLAB XC8 Compiler V2.41

Linker command line:

-W-3 \
  --edf=C:\Program Files\Microchip\xc8\v2.41\pic\dat\20230208172133_en.msgs \
  -cn -h+dist/default/production\adc1_canal1_lm35.X.production.sym \
  --cmf=dist/default/production\adc1_canal1_lm35.X.production.cmf -z \
  -Q18F4550 -oC:\Users\ADMINI~1\AppData\Local\Temp\xcAs2ajg.\driver_tmp_3.o \
  --defsym=__MPLAB_BUILD=1 --fixupoverflow=error \
  -Mdist/default/production/adc1_canal1_lm35.X.production.map \
  --md=C:\Users\ADMINI~1\AppData\Local\Temp\xcAs2ajg.\driver_tmp_0.dat -E1 \
  -ver=XC8 Compiler --acfsm=1493 -ACODE=00h-07FFFh -ACONST=00h-07FFFh \
  -ASMALLCONST=0800h-08FFhx120 -AMEDIUMCONST=0800h-07FFFh -ACOMRAM=01h-05Fh \
  -AABS1=00h-07FFh -ABIGRAM=01h-07FFh -ARAM=060h-0FFh,0100h-01FFhx7 \
  -ABANK0=060h-0FFh -ABANK1=0100h-01FFh -ABANK2=0200h-02FFh \
  -ABANK3=0300h-03FFh -ABANK4=0400h-04FFh -ABANK5=0500h-05FFh \
  -ABANK6=0600h-06FFh -ABANK7=0700h-07FFh -ASFR=0F60h-0FFFh \
  -ABIGSFR=0F60h-0FFFh -ACONFIG=0300000h-030000Dh -AIDLOC=0200000h-0200007h \
  -AEEDATA=0F00000h-0F000FFh -peeprom_data=EEDATA \
  -preset_vec=00h,intcode=08h,intcodelo,powerup,init -pramtop=0800h \
  -psmallconst=SMALLCONST -pmediumconst=MEDIUMCONST -pconst=CONST \
  -AFARRAM=00h-00h \
  -prdata=COMRAM,nvrram=COMRAM,nvbit=COMRAM,rbss=COMRAM,rbit=COMRAM \
  -pfarbss=FARRAM,fardata=FARRAM,nvFARRAM=FARRAM \
  -pintsave_regs=BIGRAM,bigbss=BIGRAM,bigdata=BIGRAM -pbss=RAM \
  -pidata=CODE,irdata=CODE,ibigdata=CODE,ifardata=CODE -prparam=COMRAM \
  C:\Users\ADMINI~1\AppData\Local\Temp\xcAs2ajg.\driver_tmp_14.o \
  dist/default/production\adc1_canal1_lm35.X.production.o 

Object code version is 3.11

Machine type is 18F4550



                Name                               Link     Load   Length Selector   Space Scale
C:\Users\ADMINI~1\AppData\Local\Temp\xcAs2ajg.\driver_tmp_14.o
                idloc                            200000   200000        8        0       5
                config                           300000   300000        E        0       4
                init                                  E        E        4        4       0
                reset_vec                             0        0        4        0       0
dist/default/production\adc1_canal1_lm35.X.production.o
                intcode                               8        8        6        4       0
                idloc                            200000   200000        8        0       5
                config                           300000   300000        E        0       4
                temp                                 5E       5E        1        1       1
                smallconst                          800      800       26      400       0
                intcode_body                       3040     3040        6      413       0
                text33                             3038     3038        8      413       0
                text32                             2C5A     2C5A       6C      413       0
                text31                             302C     302C        C      413       0
                text30                             2F9C     2F9C       2A      413       0
                text29                             3020     3020        C      413       0
                text28                             2BE2     2BE2       78      413       0
                text27                             2EA8     2EA8       44      413       0
                text26                             2F64     2F64       38      413       0
                text25                             3012     3012        E      413       0
                text24                             231C     231C      1B4      413       0
                text23                             1B08     1B08      39A      413       0
                text22                             2ABE     2ABE       AA      413       0
                text21                             272C     272C      104      413       0
                text20                             16DE     16DE      42A      413       0
                text19                             2F2C     2F2C       38      413       0
                text18                             121E     121E      4C0      413       0
                text17                             2E1E     2E1E       46      413       0
                text16                             2626     2626      106      413       0
                text15                             2830     2830       FE      413       0
                text14                             210A     210A      212      413       0
                text13                             2CC6     2CC6       66      413       0
                text12                             2DCE     2DCE       50      413       0
                text11                             3046     3046        2      413       0
                text10                             292E     292E       CA      413       0
                text9                              2E64     2E64       44      413       0
                text8                              2B68     2B68       7A      413       0
                text7                              2EEC     2EEC       40      413       0
                text6                               826      826      9F8      413       0
                text5                              2FEC     2FEC       26      413       0
                text4                              29F8     29F8       C6      413       0
                text3                              1EA2     1EA2      268      413       0
                text2                              2D2C     2D2C       52      413       0
                text1                              2D7E     2D7E       50      413       0
                text0                              24D0     24D0      156      413       0
                cstackCOMRAM                          1        1       5D        1       1
                cstackBANK0                          60       60       67       60       1
                bssBANK1                            100      100       50      100       1
                bssBANK0                             C7       C7       1D       60       1
                cinit                              2FC6     2FC6       26      413       0

TOTAL           Name                               Link     Load   Length     Space
        CLASS   CODE           
                intcode                               8        8        6         0
                init                                  E        E        4         0
                reset_vec                             0        0        4         0
                intcode_body                       3040     3040        6         0
                text33                             3038     3038        8         0
                text32                             2C5A     2C5A       6C         0
                text31                             302C     302C        C         0
                text30                             2F9C     2F9C       2A         0
                text29                             3020     3020        C         0
                text28                             2BE2     2BE2       78         0
                text27                             2EA8     2EA8       44         0
                text26                             2F64     2F64       38         0
                text25                             3012     3012        E         0
                text24                             231C     231C      1B4         0
                text23                             1B08     1B08      39A         0
                text22                             2ABE     2ABE       AA         0
                text21                             272C     272C      104         0
                text20                             16DE     16DE      42A         0
                text19                             2F2C     2F2C       38         0
                text18                             121E     121E      4C0         0
                text17                             2E1E     2E1E       46         0
                text16                             2626     2626      106         0
                text15                             2830     2830       FE         0
                text14                             210A     210A      212         0
                text13                             2CC6     2CC6       66         0
                text12                             2DCE     2DCE       50         0
                text11                             3046     3046        2         0
                text10                             292E     292E       CA         0
                text9                              2E64     2E64       44         0
                text8                              2B68     2B68       7A         0
                text7                              2EEC     2EEC       40         0
                text6                               826      826      9F8         0
                text5                              2FEC     2FEC       26         0
                text4                              29F8     29F8       C6         0
                text3                              1EA2     1EA2      268         0
                text2                              2D2C     2D2C       52         0
                text1                              2D7E     2D7E       50         0
                text0                              24D0     24D0      156         0
                cinit                              2FC6     2FC6       26         0

        CLASS   CONST          

        CLASS   SMALLCONST     
                smallconst                          800      800       26         0

        CLASS   MEDIUMCONST    

        CLASS   COMRAM         
                temp                                 5E       5E        1         1
                cstackCOMRAM                          1        1       5D         1

        CLASS   ABS1           

        CLASS   BIGRAM         

        CLASS   RAM            

        CLASS   BANK0          
                cstackBANK0                          60       60       67         1
                bssBANK0                             C7       C7       1D         1

        CLASS   BANK1          
                bssBANK1                            100      100       50         1

        CLASS   BANK2          

        CLASS   BANK3          

        CLASS   BANK4          

        CLASS   BANK5          

        CLASS   BANK6          

        CLASS   BANK7          

        CLASS   SFR            

        CLASS   BIGSFR         

        CLASS   CONFIG         
                config                           300000   300000        E         4

        CLASS   IDLOC          
                idloc                            200000   200000        8         5

        CLASS   EEDATA         

        CLASS   FARRAM         

        CLASS   HEAP           

        CLASS   STACK          



SEGMENTS        Name                           Load    Length   Top    Selector   Space  Class

                reset_vec                      000000  000004  000004         0       0  CODE    
                cstackCOMRAM                   000001  00005E  00005F         1       1  COMRAM  
                intcode                        000008  00000A  000012         4       0  CODE    
                cstackBANK0                    000060  000084  0000E4        60       1  BANK0   
                bssBANK1                       000100  000050  000150       100       1  BANK1   
                smallconst                     000800  000026  000826       400       0  SMALLCON
                text6                          000826  002822  003048       413       0  CODE    


UNUSED ADDRESS RANGES

        Name                Unused          Largest block    Delta
        BANK0            0000E4-0000FF               1C
        BANK1            000150-0001FF               B0
        BANK2            000200-0002FF              100
        BANK3            000300-0003FF              100
        BANK4            000400-0004FF              100
        BANK5            000500-0005FF              100
        BANK6            000600-0006FF              100
        BANK7            000700-0007FF              100
        BIGRAM           00005F-00005F                1
                         0000E4-0000FF               1C
                         000150-0007FF              6B0
        BIGSFR           000F60-000FFF               A0
        CODE             000004-000007                4
                         000012-0007FF              7EE
                         003048-007FFF             4FB8
        COMRAM           00005F-00005F                1
        CONST            000004-000007                4
                         000012-0007FF              7EE
                         003048-007FFF             4FB8
        EEDATA           F00000-F000FF              100
        MEDIUMCONST      003048-007FFF             4FB8
        RAM              0000E4-0000FF               1C
                         000150-0007FF              100
        SFR              000F60-000FFF               A0
        SMALLCONST       003048-007FFF              100

                                  Symbol Table

?___fladd                               cstackCOMRAM 000001
?___fldiv                               cstackCOMRAM 000028
?___flmul                               cstackCOMRAM 00000F
?___flneg                               cstackCOMRAM 000001
?___flsub                               cstackCOMRAM 000028
?___fltol                               cstackCOMRAM 000001
?___fpclassifyf                         cstackCOMRAM 000001
?___wmul                                cstackCOMRAM 000001
?___xxtofl                              cstackCOMRAM 000001
?_floorf                                cstackCOMRAM 000041
?_labs                                  cstackCOMRAM 000001
?_read_prec_or_width                    cstackCOMRAM 000007
?_sprintf                               cstackBANK0  0000A3
?_vfprintf                              cstackBANK0  00009B
FM_Lcd_Send_Character@character_to_send cstackCOMRAM 000005
FM_Lcd_Send_Command@command_to_send     cstackCOMRAM 000005
FM_Lcd_Send_Nibble@byte_to_send         cstackCOMRAM 000002
FM_Lcd_Send_Nibble@lower_bits           cstackCOMRAM 000004
FM_Lcd_Send_Nibble@upper_bits           cstackCOMRAM 000003
FM_Lcd_Send_String@cadena               cstackCOMRAM 000006
FM_Lcd_Send_String@index                cstackCOMRAM 00000A
FM_Lcd_Set_Cursor@base_pos              cstackCOMRAM 000008
FM_Lcd_Set_Cursor@columna               cstackCOMRAM 000006
FM_Lcd_Set_Cursor@filas                 cstackCOMRAM 000007
_ADCON0                                 (abs)        000FC2
_ADCON0bits                             (abs)        000FC2
_ADCON1                                 (abs)        000FC1
_ADCON1bits                             (abs)        000FC1
_ADCON2                                 (abs)        000FC0
_ADCON2bits                             (abs)        000FC0
_ADRESH                                 (abs)        000FC4
_ADRESL                                 (abs)        000FC3
_FM_Lcd_Easy_Gpio_Init                  text33       003038
_FM_Lcd_Easy_Init                       text30       002F9C
_FM_Lcd_Send_Character                  text29       003020
_FM_Lcd_Send_Command                    text31       00302C
_FM_Lcd_Send_Nibble                     text32       002C5A
_FM_Lcd_Send_String                     text28       002BE2
_FM_Lcd_Set_Cursor                      text27       002EA8
_ISR                                    intcode      000008
_Init_ADC_Module                        text26       002F64
_Init_Internal_Oscillator               text25       003012
_LATD                                   (abs)        000F8C
_OSCCON                                 (abs)        000FD3
_OSCCONbits                             (abs)        000FD3
_TRISD                                  (abs)        000F95
__HRAM                                  (abs)        000000
__H__absolute__                         __absolute__ 000000
__Habs1                                 abs1         000000
__Hbank0                                bank0        000000
__Hbank1                                bank1        000000
__Hbank2                                bank2        000000
__Hbank3                                bank3        000000
__Hbank4                                bank4        000000
__Hbank5                                bank5        000000
__Hbank6                                bank6        000000
__Hbank7                                bank7        000000
__Hbigbss                               bigbss       000000
__Hbigdata                              bigdata      000000
__Hbigram                               bigram       000000
__Hbigsfr                               bigsfr       000000
__Hbss                                  bss          000000
__HbssBANK0                             bssBANK0     000000
__HbssBANK1                             bssBANK1     000000
__Hcinit                                cinit        000000
__Hclrtext                              clrtext      000000
__Hcomram                               comram       000000
__Hconfig                               config       30000E
__Hconst                                const        000000
__HcstackBANK0                          cstackBANK0  000000
__HcstackCOMRAM                         cstackCOMRAM 000000
__Hdata                                 data         000000
__Heeprom_data                          eeprom_data  000000
__Hfarbss                               farbss       000000
__Hfardata                              fardata      000000
__Hheap                                 heap         000000
__Hibigdata                             ibigdata     000000
__Hidata                                idata        000000
__Hidloc                                idloc        200008
__Hifardata                             ifardata     000000
__Hinit                                 init         000012
__Hintcode                              intcode      00000E
__Hintcode_body                         intcode_body 000000
__Hintcodelo                            intcodelo    00000E
__Hintentry                             intentry     000000
__Hintret                               intret       000000
__Hintsave_regs                         intsave_regs 000000
__Hirdata                               irdata       000000
__Hmediumconst                          mediumconst  000000
__HnvFARRAM                             nvFARRAM     000000
__Hnvbit                                nvbit        000000
__Hnvrram                               nvrram       000000
__Hparam                                rparam       000000
__Hpowerup                              powerup      00000E
__Hram                                  ram          000000
__Hramtop                               ramtop       000800
__Hrbit                                 rbit         000000
__Hrbss                                 rbss         000000
__Hrdata                                rdata        000000
__Hreset_vec                            reset_vec    000004
__Hrparam                               rparam       000000
__Hsfr                                  sfr          000000
__Hsmallconst                           smallconst   000826
__Hspace_0                              (abs)        003048
__Hspace_1                              (abs)        000150
__Hspace_2                              (abs)        000000
__Hspace_4                              (abs)        60000E
__Hstack                                stack        000000
__Hstruct                               struct       000000
__Htemp                                 temp         00005F
__Htext                                 text         000000
__Htext0                                text0        000000
__Htext1                                text1        000000
__Htext10                               text10       000000
__Htext11                               text11       000000
__Htext12                               text12       000000
__Htext13                               text13       000000
__Htext14                               text14       000000
__Htext15                               text15       000000
__Htext16                               text16       000000
__Htext17                               text17       000000
__Htext18                               text18       000000
__Htext19                               text19       000000
__Htext2                                text2        000000
__Htext20                               text20       000000
__Htext21                               text21       000000
__Htext22                               text22       000000
__Htext23                               text23       000000
__Htext24                               text24       000000
__Htext25                               text25       000000
__Htext26                               text26       000000
__Htext27                               text27       000000
__Htext28                               text28       000000
__Htext29                               text29       000000
__Htext3                                text3        000000
__Htext30                               text30       000000
__Htext31                               text31       000000
__Htext32                               text32       000000
__Htext33                               text33       000000
__Htext4                                text4        000000
__Htext5                                text5        000000
__Htext6                                text6        000000
__Htext7                                text7        000000
__Htext8                                text8        000000
__Htext9                                text9        000000
__LRAM                                  (abs)        000001
__L__absolute__                         __absolute__ 000000
__Labs1                                 abs1         000000
__Lbank0                                bank0        000000
__Lbank1                                bank1        000000
__Lbank2                                bank2        000000
__Lbank3                                bank3        000000
__Lbank4                                bank4        000000
__Lbank5                                bank5        000000
__Lbank6                                bank6        000000
__Lbank7                                bank7        000000
__Lbigbss                               bigbss       000000
__Lbigdata                              bigdata      000000
__Lbigram                               bigram       000000
__Lbigsfr                               bigsfr       000000
__Lbss                                  bss          000000
__LbssBANK0                             bssBANK0     000000
__LbssBANK1                             bssBANK1     000000
__Lcinit                                cinit        000000
__Lclrtext                              clrtext      000000
__Lcomram                               comram       000000
__Lconfig                               config       000000
__Lconst                                const        000000
__LcstackBANK0                          cstackBANK0  000000
__LcstackCOMRAM                         cstackCOMRAM 000000
__Ldata                                 data         000000
__Leeprom_data                          eeprom_data  000000
__Lfarbss                               farbss       000000
__Lfardata                              fardata      000000
__Lheap                                 heap         000000
__Libigdata                             ibigdata     000000
__Lidata                                idata        000000
__Lidloc                                idloc        000000
__Lifardata                             ifardata     000000
__Linit                                 init         00000E
__Lintcode                              intcode      000008
__Lintcode_body                         intcode_body 000000
__Lintcodelo                            intcodelo    00000E
__Lintentry                             intentry     000000
__Lintret                               intret       000000
__Lintsave_regs                         intsave_regs 000000
__Lirdata                               irdata       000000
__Lmediumconst                          mediumconst  000000
__LnvFARRAM                             nvFARRAM     000000
__Lnvbit                                nvbit        000000
__Lnvrram                               nvrram       000000
__Lparam                                rparam       000000
__Lpowerup                              powerup      00000E
__Lram                                  ram          000000
__Lramtop                               ramtop       000800
__Lrbit                                 rbit         000000
__Lrbss                                 rbss         000000
__Lrdata                                rdata        000000
__Lreset_vec                            reset_vec    000000
__Lrparam                               rparam       000000
__Lsfr                                  sfr          000000
__Lsmallconst                           smallconst   000800
__Lspace_0                              (abs)        000000
__Lspace_1                              (abs)        000000
__Lspace_2                              (abs)        000000
__Lspace_4                              (abs)        000000
__Lstack                                stack        000000
__Lstruct                               struct       000000
__Ltemp                                 temp         00005E
__Ltext                                 text         000000
__Ltext0                                text0        000000
__Ltext1                                text1        000000
__Ltext10                               text10       000000
__Ltext11                               text11       000000
__Ltext12                               text12       000000
__Ltext13                               text13       000000
__Ltext14                               text14       000000
__Ltext15                               text15       000000
__Ltext16                               text16       000000
__Ltext17                               text17       000000
__Ltext18                               text18       000000
__Ltext19                               text19       000000
__Ltext2                                text2        000000
__Ltext20                               text20       000000
__Ltext21                               text21       000000
__Ltext22                               text22       000000
__Ltext23                               text23       000000
__Ltext24                               text24       000000
__Ltext25                               text25       000000
__Ltext26                               text26       000000
__Ltext27                               text27       000000
__Ltext28                               text28       000000
__Ltext29                               text29       000000
__Ltext3                                text3        000000
__Ltext30                               text30       000000
__Ltext31                               text31       000000
__Ltext32                               text32       000000
__Ltext33                               text33       000000
__Ltext4                                text4        000000
__Ltext5                                text5        000000
__Ltext6                                text6        000000
__Ltext7                                text7        000000
__Ltext8                                text8        000000
__Ltext9                                text9        000000
__S0                                    (abs)        003048
__S1                                    (abs)        000150
__S4                                    (abs)        000000
__S5                                    (abs)        000000
___fladd                                text18       00121E
___fladd@a                              cstackCOMRAM 000005
___fladd@aexp                           cstackCOMRAM 00000E
___fladd@b                              cstackCOMRAM 000001
___fladd@bexp                           cstackCOMRAM 00000F
___fladd@grs                            cstackCOMRAM 000010
___fladd@signs                          cstackCOMRAM 00000D
___fldiv                                text23       001B08
___fldiv@a                              cstackCOMRAM 00002C
___fldiv@aexp                           cstackCOMRAM 000040
___fldiv@b                              cstackCOMRAM 000028
___fldiv@bexp                           cstackCOMRAM 00003F
___fldiv@grs                            cstackCOMRAM 00003B
___fldiv@new_exp                        cstackCOMRAM 000039
___fldiv@rem                            cstackCOMRAM 000034
___fldiv@sign                           cstackCOMRAM 000038
___fleq                                 text22       002ABE
___fleq@ff1                             cstackCOMRAM 000001
___fleq@ff2                             cstackCOMRAM 000005
___flge                                 text21       00272C
___flge@ff1                             cstackCOMRAM 000028
___flge@ff2                             cstackCOMRAM 00002C
___flmul                                text20       0016DE
___flmul@a                              cstackCOMRAM 000013
___flmul@aexp                           cstackCOMRAM 000020
___flmul@b                              cstackCOMRAM 00000F
___flmul@bexp                           cstackCOMRAM 000021
___flmul@grs                            cstackCOMRAM 00001C
___flmul@prod                           cstackCOMRAM 000022
___flmul@sign                           cstackCOMRAM 00001B
___flmul@temp                           cstackCOMRAM 000026
___flneg                                text19       002F2C
___flneg@f1                             cstackCOMRAM 000001
___flsub                                text17       002E1E
___flsub@a                              cstackCOMRAM 00002C
___flsub@b                              cstackCOMRAM 000028
___fltol                                text16       002626
___fltol@exp1                           cstackCOMRAM 00000A
___fltol@f1                             cstackCOMRAM 000001
___fltol@sign1                          cstackCOMRAM 000009
___fpclassifyf                          text15       002830
___fpclassifyf@F465                     bssBANK0     0000CB
___fpclassifyf@e                        cstackCOMRAM 000009
___fpclassifyf@u                        cstackCOMRAM 00000B
___fpclassifyf@x                        cstackCOMRAM 000001
___heap_hi                              (abs)        000000
___heap_lo                              (abs)        000000
___inthi_sp                             stack        000000
___intlo_sp                             stack        000000
___param_bank                           (abs)        000000
___rparam_used                          (abs)        000001
___sp                                   stack        000000
___wmul                                 text5        002FEC
___wmul@multiplicand                    cstackCOMRAM 000003
___wmul@multiplier                      cstackCOMRAM 000001
___wmul@product                         cstackCOMRAM 000005
___xxtofl                               text24       00231C
___xxtofl@arg                           cstackCOMRAM 00000B
___xxtofl@exp                           cstackCOMRAM 00000A
___xxtofl@sign                          cstackCOMRAM 000009
___xxtofl@val                           cstackCOMRAM 000001
__accesstop                             (abs)        000060
__activetblptr                          (abs)        000002
__end_of_FM_Lcd_Easy_Gpio_Init          text33       003040
__end_of_FM_Lcd_Easy_Init               text30       002FC6
__end_of_FM_Lcd_Send_Character          text29       00302C
__end_of_FM_Lcd_Send_Command            text31       003038
__end_of_FM_Lcd_Send_Nibble             text32       002CC6
__end_of_FM_Lcd_Send_String             text28       002C5A
__end_of_FM_Lcd_Set_Cursor              text27       002EEC
__end_of_ISR                            intcode_body 003046
__end_of_Init_ADC_Module                text26       002F9C
__end_of_Init_Internal_Oscillator       text25       003020
__end_of___fladd                        text18       0016DE
__end_of___fldiv                        text23       001EA2
__end_of___fleq                         text22       002B68
__end_of___flge                         text21       002830
__end_of___flmul                        text20       001B08
__end_of___flneg                        text19       002F64
__end_of___flsub                        text17       002E64
__end_of___fltol                        text16       00272C
__end_of___fpclassifyf                  text15       00292E
__end_of___wmul                         text5        003012
__end_of___xxtofl                       text24       0024D0
__end_of__initialization                cinit        002FDE
__end_of_efgtoa                         text6        00121E
__end_of_floorf                         text14       00231C
__end_of_fputc                          text10       0029F8
__end_of_fputs                          text9        002EA8
__end_of_labs                           text13       002D2C
__end_of_main                           text0        002626
__end_of_memcpy                         text12       002E1E
__end_of_pad                            text8        002BE2
__end_of_putch                          text11       003048
__end_of_read_prec_or_width             text4        002ABE
__end_of_sprintf                        text1        002DCE
__end_of_strcpy                         text7        002F2C
__end_of_vfpfcnvrt                      text3        00210A
__end_of_vfprintf                       text2        002D7E
__initialization                        cinit        002FC6
__mediumconst                           mediumconst  000000
__pbssBANK0                             bssBANK0     0000C7
__pbssBANK1                             bssBANK1     000100
__pcinit                                cinit        002FC6
__pcstackBANK0                          cstackBANK0  000060
__pcstackCOMRAM                         cstackCOMRAM 000001
__pintcode                              intcode      000008
__pintcode_body                         intcode_body 003040
__psmallconst                           smallconst   000800
__ptext0                                text0        0024D0
__ptext1                                text1        002D7E
__ptext10                               text10       00292E
__ptext11                               text11       003046
__ptext12                               text12       002DCE
__ptext13                               text13       002CC6
__ptext14                               text14       00210A
__ptext15                               text15       002830
__ptext16                               text16       002626
__ptext17                               text17       002E1E
__ptext18                               text18       00121E
__ptext19                               text19       002F2C
__ptext2                                text2        002D2C
__ptext20                               text20       0016DE
__ptext21                               text21       00272C
__ptext22                               text22       002ABE
__ptext23                               text23       001B08
__ptext24                               text24       00231C
__ptext25                               text25       003012
__ptext26                               text26       002F64
__ptext27                               text27       002EA8
__ptext28                               text28       002BE2
__ptext29                               text29       003020
__ptext3                                text3        001EA2
__ptext30                               text30       002F9C
__ptext31                               text31       00302C
__ptext32                               text32       002C5A
__ptext33                               text33       003038
__ptext4                                text4        0029F8
__ptext5                                text5        002FEC
__ptext6                                text6        000826
__ptext7                                text7        002EEC
__ptext8                                text8        002B68
__ptext9                                text9        002E64
__ramtop                                ramtop       000800
__smallconst                            smallconst   000800
_data_vol                               bssBANK0     0000D4
_dbuf                                   bssBANK1     000100
_efgtoa                                 text6        000826
_efgtoa$893                             cstackBANK0  000066
_flags                                  bssBANK0     0000D3
_floorf                                 text14       00210A
_fputc                                  text10       00292E
_fputs                                  text9        002E64
_labs                                   text13       002CC6
_main                                   text0        0024D0
_main$1198                              cstackBANK0  0000C1
_memcpy                                 text12       002DCE
_pad                                    text8        002B68
_prec                                   bssBANK0     0000D1
_putch                                  text11       003046
_read_prec_or_width                     text4        0029F8
_sprintf                                text1        002D7E
_strcpy                                 text7        002EEC
_vfpfcnvrt                              text3        001EA2
_vfprintf                               text2        002D2C
_width                                  bssBANK0     0000CF
btemp                                   temp         00005E
efgtoa@c                                cstackCOMRAM 00005B
efgtoa@d                                cstackBANK0  00006B
efgtoa@e                                cstackBANK0  00006F
efgtoa@f                                cstackCOMRAM 000057
efgtoa@fp                               cstackCOMRAM 000055
efgtoa@g                                cstackBANK0  000084
efgtoa@h                                cstackBANK0  000079
efgtoa@i                                cstackBANK0  000077
efgtoa@l                                cstackBANK0  00007D
efgtoa@m                                cstackBANK0  00006D
efgtoa@mode                             cstackBANK0  000069
efgtoa@n                                cstackBANK0  000082
efgtoa@ne                               cstackBANK0  000060
efgtoa@nmode                            cstackBANK0  00006A
efgtoa@ou                               cstackBANK0  000073
efgtoa@p                                cstackBANK0  000062
efgtoa@pp                               cstackBANK0  000068
efgtoa@sign                             cstackBANK0  000081
efgtoa@t                                cstackBANK0  000064
efgtoa@u                                cstackBANK0  000088
efgtoa@w                                cstackBANK0  000071
end_of_initialization                   cinit        002FDE
floorf@F526                             bssBANK0     0000C7
floorf@e                                cstackCOMRAM 00004F
floorf@m                                cstackCOMRAM 00004B
floorf@u                                cstackCOMRAM 000051
floorf@x                                cstackCOMRAM 000041
fputc@c                                 cstackCOMRAM 000001
fputc@fp                                cstackCOMRAM 000003
fputs@c                                 cstackCOMRAM 00000E
fputs@fp                                cstackCOMRAM 00000C
fputs@i                                 cstackCOMRAM 00000F
fputs@s                                 cstackCOMRAM 00000A
int$flags                               temp         00005E
int_func                                intcode_body 003040
intlevel0                               text         000000
intlevel1                               text         000000
intlevel2                               text         000000
intlevel3                               text         000000
isa$std                                 (abs)        000001
isa$xinst                               (abs)        000000
labs@a                                  cstackCOMRAM 000001
main@adc_val                            cstackBANK0  0000C5
main@volts                              cstackBANK0  0000BD
memcpy@d                                cstackCOMRAM 000007
memcpy@d1                               cstackCOMRAM 000001
memcpy@n                                cstackCOMRAM 000005
memcpy@s                                cstackCOMRAM 000009
memcpy@s1                               cstackCOMRAM 000003
memcpy@tmp                              cstackCOMRAM 00000B
pad@buf                                 cstackCOMRAM 000013
pad@fp                                  cstackCOMRAM 000011
pad@i                                   cstackCOMRAM 000018
pad@p                                   cstackCOMRAM 000015
pad@w                                   cstackCOMRAM 00001A
read_prec_or_width@ap                   cstackCOMRAM 000009
read_prec_or_width@c                    cstackCOMRAM 00000D
read_prec_or_width@fmt                  cstackCOMRAM 000007
read_prec_or_width@n                    cstackCOMRAM 00000E
sprintf@ap                              cstackBANK0  0000AB
sprintf@f                               cstackBANK0  0000AD
sprintf@fmt                             cstackBANK0  0000A5
sprintf@s                               cstackBANK0  0000A3
stackhi                                 (abs)        000000
stacklo                                 (abs)        000000
start                                   init         00000E
start_initialization                    cinit        002FC6
strcpy@d                                cstackCOMRAM 000007
strcpy@dest                             cstackCOMRAM 000001
strcpy@s                                cstackCOMRAM 000005
strcpy@src                              cstackCOMRAM 000003
ttemp5                                  temp         00005F
ttemp6                                  temp         000062
ttemp7                                  temp         000066
vfpfcnvrt@ap                            cstackBANK0  000090
vfpfcnvrt@c                             cstackBANK0  000098
vfpfcnvrt@convarg                       cstackBANK0  000094
vfpfcnvrt@cp                            cstackBANK0  000099
vfpfcnvrt@fmt                           cstackBANK0  00008E
vfpfcnvrt@fp                            cstackBANK0  00008C
vfprintf@ap                             cstackBANK0  00009F
vfprintf@cfmt                           cstackBANK0  0000A1
vfprintf@fmt                            cstackBANK0  00009D
vfprintf@fp                             cstackBANK0  00009B
wtemp8                                  temp         00005F


MODULE INFORMATION

Module		Function		Class		Link	Load	Size
C:\Program Files\Microchip\xc8\v2.41\pic\sources\c99\common\__fpclassifyf.c
		___fpclassifyf 		CODE           	2830	0000	254

C:\Program Files\Microchip\xc8\v2.41\pic\sources\c99\common\__fpclassifyf.c estimated size: 254

C:\Program Files\Microchip\xc8\v2.41\pic\sources\c99\common\floorf.c
		_floorf        		CODE           	210A	0000	530

C:\Program Files\Microchip\xc8\v2.41\pic\sources\c99\common\floorf.c estimated size: 530

C:\Program Files\Microchip\xc8\v2.41\pic\sources\c99\common\flge.c
		___flge        		CODE           	272C	0000	260

C:\Program Files\Microchip\xc8\v2.41\pic\sources\c99\common\flge.c estimated size: 260

C:\Program Files\Microchip\xc8\v2.41\pic\sources\c99\common\fltol.c
		___fltol       		CODE           	2626	0000	262

C:\Program Files\Microchip\xc8\v2.41\pic\sources\c99\common\fltol.c estimated size: 262

C:\Program Files\Microchip\xc8\v2.41\pic\sources\c99\common\xxtofl.c
		___xxtofl      		CODE           	231C	0000	436

C:\Program Files\Microchip\xc8\v2.41\pic\sources\c99\common\xxtofl.c estimated size: 436

FM_LCD16X2_Easy.c
		_FM_Lcd_Easy_Init		CODE           	2F9C	0000	42
		_FM_Lcd_Send_Nibble		CODE           	2C5A	0000	108
		_FM_Lcd_Set_Cursor		CODE           	2EA8	0000	68
		_FM_Lcd_Easy_Gpio_Init		CODE           	3038	0000	8
		_FM_Lcd_Send_String		CODE           	2BE2	0000	120
		_FM_Lcd_Send_Character		CODE           	3020	0000	12
		_FM_Lcd_Send_Command		CODE           	302C	0000	12

FM_LCD16X2_Easy.c estimated size: 370

C:\Program Files\Microchip\xc8\v2.41\pic\sources\c99\common\nf_fputc.c
		_fputc         		CODE           	292E	0000	202

C:\Program Files\Microchip\xc8\v2.41\pic\sources\c99\common\nf_fputc.c estimated size: 202

C:\Program Files\Microchip\xc8\v2.41\pic\sources\c99\common\strcpy.c
		_strcpy        		CODE           	2EEC	0000	64

C:\Program Files\Microchip\xc8\v2.41\pic\sources\c99\common\strcpy.c estimated size: 64

C:\Program Files\Microchip\xc8\v2.41\pic\sources\c99\common\nf_sprintf.c
		_sprintf       		CODE           	2D7E	0000	80

C:\Program Files\Microchip\xc8\v2.41\pic\sources\c99\common\nf_sprintf.c estimated size: 80

C:\Program Files\Microchip\xc8\v2.41\pic\sources\c99\common\sprcadd.c
		___flsub       		CODE           	2E1E	0000	70
		___fladd       		CODE           	121E	0000	1216

C:\Program Files\Microchip\xc8\v2.41\pic\sources\c99\common\sprcadd.c estimated size: 1286

C:\Program Files\Microchip\xc8\v2.41\pic\sources\c99\common\doprnt.c
		_read_prec_or_width		CODE           	29F8	0000	198
		_vfpfcnvrt     		CODE           	1EA2	0000	616
		_efgtoa        		CODE           	0826	0000	2552
		_pad           		CODE           	2B68	0000	122
		_vfprintf      		CODE           	2D2C	0000	82

C:\Program Files\Microchip\xc8\v2.41\pic\sources\c99\common\doprnt.c estimated size: 3570

C:\Program Files\Microchip\xc8\v2.41\pic\sources\c99\common\flneg.c
		___flneg       		CODE           	2F2C	0000	56

C:\Program Files\Microchip\xc8\v2.41\pic\sources\c99\common\flneg.c estimated size: 56

C:\Program Files\Microchip\xc8\v2.41\pic\sources\c99\common\fleq.c
		___fleq        		CODE           	2ABE	0000	170

C:\Program Files\Microchip\xc8\v2.41\pic\sources\c99\common\fleq.c estimated size: 170

shared
		__initialization		CODE           	2FC6	0000	24

shared estimated size: 24

C:\Program Files\Microchip\xc8\v2.41\pic\sources\c99\common\memcpy.c
		_memcpy        		CODE           	2DCE	0000	80

C:\Program Files\Microchip\xc8\v2.41\pic\sources\c99\common\memcpy.c estimated size: 80

C:\Program Files\Microchip\xc8\v2.41\pic\sources\c99\common\Umul16.c
		___wmul        		CODE           	2FEC	0000	38

C:\Program Files\Microchip\xc8\v2.41\pic\sources\c99\common\Umul16.c estimated size: 38

C:\Program Files\Microchip\xc8\v2.41\pic\sources\c99\common\putch.c
		_putch         		CODE           	3046	0000	2

C:\Program Files\Microchip\xc8\v2.41\pic\sources\c99\common\putch.c estimated size: 2

C:\Program Files\Microchip\xc8\v2.41\pic\sources\c99\common\nf_fputs.c
		_fputs         		CODE           	2E64	0000	68

C:\Program Files\Microchip\xc8\v2.41\pic\sources\c99\common\nf_fputs.c estimated size: 68

C:\Program Files\Microchip\xc8\v2.41\pic\sources\c99\common\labs.c
		_labs          		CODE           	2CC6	0000	102

C:\Program Files\Microchip\xc8\v2.41\pic\sources\c99\common\labs.c estimated size: 102

main.c
		_Init_Internal_Oscillator		CODE           	3012	0000	14
		_ISR           		CODE           	0008	0000	12
		_main          		CODE           	24D0	0000	342
		_Init_ADC_Module		CODE           	2F64	0000	56

main.c estimated size: 424

C:\Program Files\Microchip\xc8\v2.41\pic\sources\c99\common\sprcmul.c
		___flmul       		CODE           	16DE	0000	1066

C:\Program Files\Microchip\xc8\v2.41\pic\sources\c99\common\sprcmul.c estimated size: 1066

C:\Program Files\Microchip\xc8\v2.41\pic\sources\c99\common\sprcdiv.c
		___fldiv       		CODE           	1B08	0000	922

C:\Program Files\Microchip\xc8\v2.41\pic\sources\c99\common\sprcdiv.c estimated size: 922

