Microchip MPLAB XC8 Compiler V2.41

Linker command line:

-W-3 \
  --edf=C:\Program Files\Microchip\xc8\v2.41\pic\dat\20230208172133_en.msgs \
  -cn -h+dist/default/production\timer_0.X.production.sym \
  --cmf=dist/default/production\timer_0.X.production.cmf -z -Q18F4550 \
  -oC:\Users\ADMINI~1\AppData\Local\Temp\xcAs28s.\driver_tmp_3.o \
  --defsym=__MPLAB_BUILD=1 --fixupoverflow=error \
  -Mdist/default/production/timer_0.X.production.map \
  --md=C:\Users\ADMINI~1\AppData\Local\Temp\xcAs28s.\driver_tmp_0.dat -E1 \
  -ver=XC8 Compiler --acfsm=1493 -ACODE=00h-07FFFh -ACONST=00h-07FFFh \
  -ASMALLCONST=0800h-08FFhx120 -AMEDIUMCONST=0800h-07FFFh -ACOMRAM=01h-05Fh \
  -AABS1=00h-07FFh -ABIGRAM=01h-07FFh -ARAM=060h-0FFh,0100h-01FFhx7 \
  -ABANK0=060h-0FFh -ABANK1=0100h-01FFh -ABANK2=0200h-02FFh \
  -ABANK3=0300h-03FFh -ABANK4=0400h-04FFh -ABANK5=0500h-05FFh \
  -ABANK6=0600h-06FFh -ABANK7=0700h-07FFh -ASFR=0F60h-0FFFh \
  -ABIGSFR=0F60h-0FFFh -ACONFIG=0300000h-030000Dh -AIDLOC=0200000h-0200007h \
  -AEEDATA=0F00000h-0F000FFh -peeprom_data=EEDATA \
  -preset_vec=00h,intcode=08h,intcodelo,powerup,init -pramtop=0800h \
  -psmallconst=SMALLCONST -pmediumconst=MEDIUMCONST -pconst=CONST \
  -AFARRAM=00h-00h \
  -prdata=COMRAM,nvrram=COMRAM,nvbit=COMRAM,rbss=COMRAM,rbit=COMRAM \
  -pfarbss=FARRAM,fardata=FARRAM,nvFARRAM=FARRAM \
  -pintsave_regs=BIGRAM,bigbss=BIGRAM,bigdata=BIGRAM -pbss=RAM \
  -pidata=CODE,irdata=CODE,ibigdata=CODE,ifardata=CODE -prparam=COMRAM \
  C:\Users\ADMINI~1\AppData\Local\Temp\xcAs28s.\driver_tmp_14.o \
  dist/default/production\timer_0.X.production.o 

Object code version is 3.11

Machine type is 18F4550



                Name                               Link     Load   Length Selector   Space Scale
C:\Users\ADMINI~1\AppData\Local\Temp\xcAs28s.\driver_tmp_14.o
                idloc                            200000   200000        8        0       5
                config                           300000   300000        E        0       4
                init                                  E        E        4        4       0
                reset_vec                             0        0        4        0       0
dist/default/production\timer_0.X.production.o
                intcode                               8        8        6        4       0
                idloc                            200000   200000        8        0       5
                config                           300000   300000        E        0       4
                temp                                 42       42        1        1       1
                smallconst                          800      800        8      400       0
                intcode_body                        99E      99E       4A      404       0
                text9                               A74      A74        E      404       0
                text8                               A8C      A8C        6      404       0
                text7                               A82      A82        A      404       0
                text6                               A34      A34       22      404       0
                text5                               A92      A92        2      404       0
                text4                               808      808       CA      404       0
                text3                               8D2      8D2       7E      404       0
                text2                               950      950       4E      404       0
                text1                               A0E      A0E       26      404       0
                text0                               9E8      9E8       26      404       0
                cstackCOMRAM                         26       26       1C        1       1
                bssCOMRAM                             1        1       25        1       1
                cinit                               A56      A56       1E      404       0

TOTAL           Name                               Link     Load   Length     Space
        CLASS   CODE           
                intcode                               8        8        6         0
                init                                  E        E        4         0
                reset_vec                             0        0        4         0
                intcode_body                        99E      99E       4A         0
                text9                               A74      A74        E         0
                text8                               A8C      A8C        6         0
                text7                               A82      A82        A         0
                text6                               A34      A34       22         0
                text5                               A92      A92        2         0
                text4                               808      808       CA         0
                text3                               8D2      8D2       7E         0
                text2                               950      950       4E         0
                text1                               A0E      A0E       26         0
                text0                               9E8      9E8       26         0
                cinit                               A56      A56       1E         0

        CLASS   CONST          

        CLASS   SMALLCONST     
                smallconst                          800      800        8         0

        CLASS   MEDIUMCONST    

        CLASS   COMRAM         
                temp                                 42       42        1         1
                cstackCOMRAM                         26       26       1C         1
                bssCOMRAM                             1        1       25         1

        CLASS   ABS1           

        CLASS   BIGRAM         

        CLASS   RAM            

        CLASS   BANK0          

        CLASS   BANK1          

        CLASS   BANK2          

        CLASS   BANK3          

        CLASS   BANK4          

        CLASS   BANK5          

        CLASS   BANK6          

        CLASS   BANK7          

        CLASS   SFR            

        CLASS   BIGSFR         

        CLASS   CONFIG         
                config                           300000   300000        E         4

        CLASS   IDLOC          
                idloc                            200000   200000        8         5

        CLASS   EEDATA         

        CLASS   FARRAM         

        CLASS   HEAP           

        CLASS   STACK          



SEGMENTS        Name                           Load    Length   Top    Selector   Space  Class

                reset_vec                      000000  000004  000004         0       0  CODE    
                bssCOMRAM                      000001  000042  000043         1       1  COMRAM  
                intcode                        000008  00000A  000012         4       0  CODE    
                smallconst                     000800  000008  000808       400       0  SMALLCON
                text4                          000808  00028C  000A94       404       0  CODE    


UNUSED ADDRESS RANGES

        Name                Unused          Largest block    Delta
        BANK0            000060-0000FF               A0
        BANK1            000100-0001FF              100
        BANK2            000200-0002FF              100
        BANK3            000300-0003FF              100
        BANK4            000400-0004FF              100
        BANK5            000500-0005FF              100
        BANK6            000600-0006FF              100
        BANK7            000700-0007FF              100
        BIGRAM           000043-0007FF              7BD
        BIGSFR           000F60-000FFF               A0
        CODE             000004-000007                4
                         000012-0007FF              7EE
                         000A94-007FFF             756C
        COMRAM           000043-00005F               1D
        CONST            000004-000007                4
                         000012-0007FF              7EE
                         000A94-007FFF             756C
        EEDATA           F00000-F000FF              100
        MEDIUMCONST      000A94-007FFF             756C
        RAM              000060-0007FF              100
        SFR              000F60-000FFF               A0
        SMALLCONST       000A94-007FFF              100

                                  Symbol Table

?_printf                           cstackCOMRAM 00003E
?_vfprintf                         cstackCOMRAM 000036
_INTCONbits                        (abs)        000FF2
_Init_Internal_Oscillator          text9        000A74
_Init_Peripheral_GPIO              text8        000A8C
_Init_Peripheral_Interrupt         text7        000A82
_Init_Peripheral_Timer0            text6        000A34
_LATBbits                          (abs)        000F8A
_OSCCON                            (abs)        000FD3
_OSCCONbits                        (abs)        000FD3
_T0CON                             (abs)        000FD5
_T0CONbits                         (abs)        000FD5
_TIMER0_ISR                        intcode      000008
_TMR0H                             (abs)        000FD7
_TMR0L                             (abs)        000FD6
_TRISBbits                         (abs)        000F93
__HRAM                             (abs)        000000
__H__absolute__                    __absolute__ 000000
__Habs1                            abs1         000000
__Hbank0                           bank0        000000
__Hbank1                           bank1        000000
__Hbank2                           bank2        000000
__Hbank3                           bank3        000000
__Hbank4                           bank4        000000
__Hbank5                           bank5        000000
__Hbank6                           bank6        000000
__Hbank7                           bank7        000000
__Hbigbss                          bigbss       000000
__Hbigdata                         bigdata      000000
__Hbigram                          bigram       000000
__Hbigsfr                          bigsfr       000000
__Hbss                             bss          000000
__HbssCOMRAM                       bssCOMRAM    000000
__Hcinit                           cinit        000000
__Hclrtext                         clrtext      000000
__Hcomram                          comram       000000
__Hconfig                          config       30000E
__Hconst                           const        000000
__HcstackCOMRAM                    cstackCOMRAM 000000
__Hdata                            data         000000
__Heeprom_data                     eeprom_data  000000
__Hfarbss                          farbss       000000
__Hfardata                         fardata      000000
__Hheap                            heap         000000
__Hibigdata                        ibigdata     000000
__Hidata                           idata        000000
__Hidloc                           idloc        200008
__Hifardata                        ifardata     000000
__Hinit                            init         000012
__Hintcode                         intcode      00000E
__Hintcode_body                    intcode_body 000000
__Hintcodelo                       intcodelo    00000E
__Hintentry                        intentry     000000
__Hintret                          intret       000000
__Hintsave_regs                    intsave_regs 000000
__Hirdata                          irdata       000000
__Hmediumconst                     mediumconst  000000
__HnvFARRAM                        nvFARRAM     000000
__Hnvbit                           nvbit        000000
__Hnvrram                          nvrram       000000
__Hparam                           rparam       000000
__Hpowerup                         powerup      00000E
__Hram                             ram          000000
__Hramtop                          ramtop       000800
__Hrbit                            rbit         000000
__Hrbss                            rbss         000000
__Hrdata                           rdata        000000
__Hreset_vec                       reset_vec    000004
__Hrparam                          rparam       000000
__Hsfr                             sfr          000000
__Hsmallconst                      smallconst   000808
__Hspace_0                         (abs)        000A94
__Hspace_1                         (abs)        000043
__Hspace_2                         (abs)        000000
__Hspace_4                         (abs)        60000E
__Hstack                           stack        000000
__Hstruct                          struct       000000
__Htemp                            temp         000043
__Htext                            text         000000
__Htext0                           text0        000000
__Htext1                           text1        000000
__Htext2                           text2        000000
__Htext3                           text3        000000
__Htext4                           text4        000000
__Htext5                           text5        000000
__Htext6                           text6        000000
__Htext7                           text7        000000
__Htext8                           text8        000000
__Htext9                           text9        000000
__LRAM                             (abs)        000001
__L__absolute__                    __absolute__ 000000
__Labs1                            abs1         000000
__Lbank0                           bank0        000000
__Lbank1                           bank1        000000
__Lbank2                           bank2        000000
__Lbank3                           bank3        000000
__Lbank4                           bank4        000000
__Lbank5                           bank5        000000
__Lbank6                           bank6        000000
__Lbank7                           bank7        000000
__Lbigbss                          bigbss       000000
__Lbigdata                         bigdata      000000
__Lbigram                          bigram       000000
__Lbigsfr                          bigsfr       000000
__Lbss                             bss          000000
__LbssCOMRAM                       bssCOMRAM    000000
__Lcinit                           cinit        000000
__Lclrtext                         clrtext      000000
__Lcomram                          comram       000000
__Lconfig                          config       000000
__Lconst                           const        000000
__LcstackCOMRAM                    cstackCOMRAM 000000
__Ldata                            data         000000
__Leeprom_data                     eeprom_data  000000
__Lfarbss                          farbss       000000
__Lfardata                         fardata      000000
__Lheap                            heap         000000
__Libigdata                        ibigdata     000000
__Lidata                           idata        000000
__Lidloc                           idloc        000000
__Lifardata                        ifardata     000000
__Linit                            init         00000E
__Lintcode                         intcode      000008
__Lintcode_body                    intcode_body 000000
__Lintcodelo                       intcodelo    00000E
__Lintentry                        intentry     000000
__Lintret                          intret       000000
__Lintsave_regs                    intsave_regs 000000
__Lirdata                          irdata       000000
__Lmediumconst                     mediumconst  000000
__LnvFARRAM                        nvFARRAM     000000
__Lnvbit                           nvbit        000000
__Lnvrram                          nvrram       000000
__Lparam                           rparam       000000
__Lpowerup                         powerup      00000E
__Lram                             ram          000000
__Lramtop                          ramtop       000800
__Lrbit                            rbit         000000
__Lrbss                            rbss         000000
__Lrdata                           rdata        000000
__Lreset_vec                       reset_vec    000000
__Lrparam                          rparam       000000
__Lsfr                             sfr          000000
__Lsmallconst                      smallconst   000800
__Lspace_0                         (abs)        000000
__Lspace_1                         (abs)        000000
__Lspace_2                         (abs)        000000
__Lspace_4                         (abs)        000000
__Lstack                           stack        000000
__Lstruct                          struct       000000
__Ltemp                            temp         000042
__Ltext                            text         000000
__Ltext0                           text0        000000
__Ltext1                           text1        000000
__Ltext2                           text2        000000
__Ltext3                           text3        000000
__Ltext4                           text4        000000
__Ltext5                           text5        000000
__Ltext6                           text6        000000
__Ltext7                           text7        000000
__Ltext8                           text8        000000
__Ltext9                           text9        000000
__S0                               (abs)        000A94
__S1                               (abs)        000043
__S4                               (abs)        000000
__S5                               (abs)        000000
___heap_hi                         (abs)        000000
___heap_lo                         (abs)        000000
___inthi_sp                        stack        000000
___intlo_sp                        stack        000000
___param_bank                      (abs)        000000
___rparam_used                     (abs)        000001
___sp                              stack        000000
__accesstop                        (abs)        000060
__activetblptr                     (abs)        000001
__end_of_Init_Internal_Oscillator  text9        000A82
__end_of_Init_Peripheral_GPIO      text8        000A92
__end_of_Init_Peripheral_Interrupt text7        000A8C
__end_of_Init_Peripheral_Timer0    text6        000A56
__end_of_TIMER0_ISR                intcode_body 0009E8
__end_of__initialization           cinit        000A62
__end_of_fputc                     text4        0008D2
__end_of_main                      text0        000A0E
__end_of_printf                    text1        000A34
__end_of_putch                     text5        000A94
__end_of_vfpfcnvrt                 text3        000950
__end_of_vfprintf                  text2        00099E
__initialization                   cinit        000A56
__mediumconst                      mediumconst  000000
__pbssCOMRAM                       bssCOMRAM    000001
__pcinit                           cinit        000A56
__pcstackCOMRAM                    cstackCOMRAM 000026
__pintcode                         intcode      000008
__pintcode_body                    intcode_body 00099E
__psmallconst                      smallconst   000800
__ptext0                           text0        0009E8
__ptext1                           text1        000A0E
__ptext2                           text2        000950
__ptext3                           text3        0008D2
__ptext4                           text4        000808
__ptext5                           text5        000A92
__ptext6                           text6        000A34
__ptext7                           text7        000A82
__ptext8                           text8        000A8C
__ptext9                           text9        000A74
__ramtop                           ramtop       000800
__smallconst                       smallconst   000800
_flags                             bssCOMRAM    000025
_fputc                             text4        000808
_main                              text0        0009E8
_prec                              bssCOMRAM    000023
_printf                            text1        000A0E
_putch                             text5        000A92
_vfpfcnvrt                         text3        0008D2
_vfprintf                          text2        000950
_width                             bssCOMRAM    000021
btemp                              temp         000042
end_of_initialization              cinit        000A62
fputc@c                            cstackCOMRAM 000027
fputc@fp                           cstackCOMRAM 000029
int$flags                          temp         000042
int_func                           intcode_body 00099E
intlevel0                          text         000000
intlevel1                          text         000000
intlevel2                          text         000000
intlevel3                          text         000000
isa$std                            (abs)        000001
isa$xinst                          (abs)        000000
printf@ap                          cstackCOMRAM 000040
printf@fmt                         cstackCOMRAM 00003E
stackhi                            (abs)        000000
stacklo                            (abs)        000000
start                              init         00000E
start_initialization               cinit        000A56
ttemp5                             temp         000043
ttemp6                             temp         000046
ttemp7                             temp         00004A
vfpfcnvrt@ap                       cstackCOMRAM 000034
vfpfcnvrt@fmt                      cstackCOMRAM 000032
vfpfcnvrt@fp                       cstackCOMRAM 000030
vfprintf@ap                        cstackCOMRAM 00003A
vfprintf@cfmt                      cstackCOMRAM 00003C
vfprintf@fmt                       cstackCOMRAM 000038
vfprintf@fp                        cstackCOMRAM 000036
wtemp8                             temp         000043


MODULE INFORMATION

Module		Function		Class		Link	Load	Size
C:\Program Files\Microchip\xc8\v2.41\pic\sources\c99\common\nf_fputc.c
		_fputc         		CODE           	0808	0000	202

C:\Program Files\Microchip\xc8\v2.41\pic\sources\c99\common\nf_fputc.c estimated size: 202

C:\Program Files\Microchip\xc8\v2.41\pic\sources\c99\common\doprnt.c
		_vfpfcnvrt     		CODE           	08D2	0000	126
		_vfprintf      		CODE           	0950	0000	78

C:\Program Files\Microchip\xc8\v2.41\pic\sources\c99\common\doprnt.c estimated size: 204

shared
		__initialization		CODE           	0A56	0000	12

shared estimated size: 12

C:\Program Files\Microchip\xc8\v2.41\pic\sources\c99\common\putch.c
		_putch         		CODE           	0A92	0000	2

C:\Program Files\Microchip\xc8\v2.41\pic\sources\c99\common\putch.c estimated size: 2

main.c
		_Init_Internal_Oscillator		CODE           	0A74	0000	14
		_Init_Peripheral_Interrupt		CODE           	0A82	0000	10
		_main          		CODE           	09E8	0000	38
		_Init_Peripheral_GPIO		CODE           	0A8C	0000	6
		_TIMER0_ISR    		CODE           	0008	0000	80
		_Init_Peripheral_Timer0		CODE           	0A34	0000	34

main.c estimated size: 182

C:\Program Files\Microchip\xc8\v2.41\pic\sources\c99\common\printf.c
		_printf        		CODE           	0A0E	0000	38

C:\Program Files\Microchip\xc8\v2.41\pic\sources\c99\common\printf.c estimated size: 38

