Microchip MPLAB XC8 Compiler V2.41

Linker command line:

-W-3 \
  --edf=C:\Program Files\Microchip\xc8\v2.41\pic\dat\20230208172133_en.msgs \
  -cn -h+dist/default/production\adc1_lcd.X.production.sym \
  --cmf=dist/default/production\adc1_lcd.X.production.cmf -z -Q18F4550 \
  -oC:\Users\ADMINI~1\AppData\Local\Temp\xcAs2e4s.\driver_tmp_3.o \
  --defsym=__MPLAB_BUILD=1 --fixupoverflow=error \
  -Mdist/default/production/adc1_lcd.X.production.map \
  --md=C:\Users\ADMINI~1\AppData\Local\Temp\xcAs2e4s.\driver_tmp_0.dat -E1 \
  -ver=XC8 Compiler --acfsm=1493 -ACODE=00h-07FFFh -ACONST=00h-07FFFh \
  -ASMALLCONST=0800h-08FFhx120 -AMEDIUMCONST=0800h-07FFFh -ACOMRAM=01h-05Fh \
  -AABS1=00h-07FFh -ABIGRAM=01h-07FFh -ARAM=060h-0FFh,0100h-01FFhx7 \
  -ABANK0=060h-0FFh -ABANK1=0100h-01FFh -ABANK2=0200h-02FFh \
  -ABANK3=0300h-03FFh -ABANK4=0400h-04FFh -ABANK5=0500h-05FFh \
  -ABANK6=0600h-06FFh -ABANK7=0700h-07FFh -ASFR=0F60h-0FFFh \
  -ABIGSFR=0F60h-0FFFh -ACONFIG=0300000h-030000Dh -AIDLOC=0200000h-0200007h \
  -AEEDATA=0F00000h-0F000FFh -peeprom_data=EEDATA \
  -preset_vec=00h,intcode=08h,intcodelo,powerup,init -pramtop=0800h \
  -psmallconst=SMALLCONST -pmediumconst=MEDIUMCONST -pconst=CONST \
  -AFARRAM=00h-00h \
  -prdata=COMRAM,nvrram=COMRAM,nvbit=COMRAM,rbss=COMRAM,rbit=COMRAM \
  -pfarbss=FARRAM,fardata=FARRAM,nvFARRAM=FARRAM \
  -pintsave_regs=BIGRAM,bigbss=BIGRAM,bigdata=BIGRAM -pbss=RAM \
  -pidata=CODE,irdata=CODE,ibigdata=CODE,ifardata=CODE -prparam=COMRAM \
  C:\Users\ADMINI~1\AppData\Local\Temp\xcAs2e4s.\driver_tmp_9.o \
  dist/default/production\adc1_lcd.X.production.o 

Object code version is 3.11

Machine type is 18F4550



                Name                               Link     Load   Length Selector   Space Scale
C:\Users\ADMINI~1\AppData\Local\Temp\xcAs2e4s.\driver_tmp_9.o
                idloc                            200000   200000        8        0       5
                config                           300000   300000        E        0       4
                init                                  E        E        4        4       0
                reset_vec                             0        0        4        0       0
dist/default/production\adc1_lcd.X.production.o
                intcode                               8        8        6        4       0
                idloc                            200000   200000        8        0       5
                config                           300000   300000        E        0       4
                temp                                  C        C        1        1       1
                smallconst                          800      800       12      400       0
                intcode_body                        9FC      9FC        6      409       0
                text9                               9F4      9F4        8      409       0
                text8                               812      812       6C      409       0
                text7                               9E8      9E8        C      409       0
                text6                               992      992       2A      409       0
                text5                               9DC      9DC        C      409       0
                text4                               87E      87E       50      409       0
                text3                               91A      91A       44      409       0
                text2                               95E      95E       34      409       0
                text1                               9CE      9CE        E      409       0
                text0                               8CE      8CE       4C      409       0
                cstackCOMRAM                          1        1        B        1       1
                cinit                               9BC      9BC       12      409       0

TOTAL           Name                               Link     Load   Length     Space
        CLASS   CODE           
                intcode                               8        8        6         0
                init                                  E        E        4         0
                reset_vec                             0        0        4         0
                intcode_body                        9FC      9FC        6         0
                text9                               9F4      9F4        8         0
                text8                               812      812       6C         0
                text7                               9E8      9E8        C         0
                text6                               992      992       2A         0
                text5                               9DC      9DC        C         0
                text4                               87E      87E       50         0
                text3                               91A      91A       44         0
                text2                               95E      95E       34         0
                text1                               9CE      9CE        E         0
                text0                               8CE      8CE       4C         0
                cinit                               9BC      9BC       12         0

        CLASS   CONST          

        CLASS   SMALLCONST     
                smallconst                          800      800       12         0

        CLASS   MEDIUMCONST    

        CLASS   COMRAM         
                temp                                  C        C        1         1
                cstackCOMRAM                          1        1        B         1

        CLASS   ABS1           

        CLASS   BIGRAM         

        CLASS   RAM            

        CLASS   BANK0          

        CLASS   BANK1          

        CLASS   BANK2          

        CLASS   BANK3          

        CLASS   BANK4          

        CLASS   BANK5          

        CLASS   BANK6          

        CLASS   BANK7          

        CLASS   SFR            

        CLASS   BIGSFR         

        CLASS   CONFIG         
                config                           300000   300000        E         4

        CLASS   IDLOC          
                idloc                            200000   200000        8         5

        CLASS   EEDATA         

        CLASS   FARRAM         

        CLASS   HEAP           

        CLASS   STACK          



SEGMENTS        Name                           Load    Length   Top    Selector   Space  Class

                reset_vec                      000000  000004  000004         0       0  CODE    
                cstackCOMRAM                   000001  00000C  00000D         1       1  COMRAM  
                intcode                        000008  00000A  000012         4       0  CODE    
                smallconst                     000800  000012  000812       400       0  SMALLCON
                text8                          000812  0001F0  000A02       409       0  CODE    


UNUSED ADDRESS RANGES

        Name                Unused          Largest block    Delta
        BANK0            000060-0000FF               A0
        BANK1            000100-0001FF              100
        BANK2            000200-0002FF              100
        BANK3            000300-0003FF              100
        BANK4            000400-0004FF              100
        BANK5            000500-0005FF              100
        BANK6            000600-0006FF              100
        BANK7            000700-0007FF              100
        BIGRAM           00000D-0007FF              7F3
        BIGSFR           000F60-000FFF               A0
        CODE             000004-000007                4
                         000012-0007FF              7EE
                         000A02-007FFF             75FE
        COMRAM           00000D-00005F               53
        CONST            000004-000007                4
                         000012-0007FF              7EE
                         000A02-007FFF             75FE
        EEDATA           F00000-F000FF              100
        MEDIUMCONST      000A02-007FFF             75FE
        RAM              000060-0007FF              100
        SFR              000F60-000FFF               A0
        SMALLCONST       000A02-007FFF              100

                                  Symbol Table

FM_Lcd_Send_Character@character_to_send cstackCOMRAM 000005
FM_Lcd_Send_Command@command_to_send     cstackCOMRAM 000005
FM_Lcd_Send_Nibble@byte_to_send         cstackCOMRAM 000002
FM_Lcd_Send_Nibble@lower_bits           cstackCOMRAM 000004
FM_Lcd_Send_Nibble@upper_bits           cstackCOMRAM 000003
FM_Lcd_Send_String@cadena               cstackCOMRAM 000006
FM_Lcd_Send_String@index                cstackCOMRAM 00000A
FM_Lcd_Set_Cursor@base_pos              cstackCOMRAM 000008
FM_Lcd_Set_Cursor@columna               cstackCOMRAM 000006
FM_Lcd_Set_Cursor@filas                 cstackCOMRAM 000007
_ADCON0                                 (abs)        000FC2
_ADCON0bits                             (abs)        000FC2
_ADCON1                                 (abs)        000FC1
_ADCON1bits                             (abs)        000FC1
_ADCON2                                 (abs)        000FC0
_ADCON2bits                             (abs)        000FC0
_ADRESH                                 (abs)        000FC4
_FM_Lcd_Easy_Gpio_Init                  text9        0009F4
_FM_Lcd_Easy_Init                       text6        000992
_FM_Lcd_Send_Character                  text5        0009DC
_FM_Lcd_Send_Command                    text7        0009E8
_FM_Lcd_Send_Nibble                     text8        000812
_FM_Lcd_Send_String                     text4        00087E
_FM_Lcd_Set_Cursor                      text3        00091A
_ISR                                    intcode      000008
_Init_ADC_Module                        text2        00095E
_Init_Internal_Oscillator               text1        0009CE
_LATD                                   (abs)        000F8C
_OSCCON                                 (abs)        000FD3
_OSCCONbits                             (abs)        000FD3
_TRISD                                  (abs)        000F95
__HRAM                                  (abs)        000000
__H__absolute__                         __absolute__ 000000
__Habs1                                 abs1         000000
__Hbank0                                bank0        000000
__Hbank1                                bank1        000000
__Hbank2                                bank2        000000
__Hbank3                                bank3        000000
__Hbank4                                bank4        000000
__Hbank5                                bank5        000000
__Hbank6                                bank6        000000
__Hbank7                                bank7        000000
__Hbigbss                               bigbss       000000
__Hbigdata                              bigdata      000000
__Hbigram                               bigram       000000
__Hbigsfr                               bigsfr       000000
__Hbss                                  bss          000000
__Hcinit                                cinit        000000
__Hclrtext                              clrtext      000000
__Hcomram                               comram       000000
__Hconfig                               config       30000E
__Hconst                                const        000000
__HcstackCOMRAM                         cstackCOMRAM 000000
__Hdata                                 data         000000
__Heeprom_data                          eeprom_data  000000
__Hfarbss                               farbss       000000
__Hfardata                              fardata      000000
__Hheap                                 heap         000000
__Hibigdata                             ibigdata     000000
__Hidata                                idata        000000
__Hidloc                                idloc        200008
__Hifardata                             ifardata     000000
__Hinit                                 init         000012
__Hintcode                              intcode      00000E
__Hintcode_body                         intcode_body 000000
__Hintcodelo                            intcodelo    00000E
__Hintentry                             intentry     000000
__Hintret                               intret       000000
__Hintsave_regs                         intsave_regs 000000
__Hirdata                               irdata       000000
__Hmediumconst                          mediumconst  000000
__HnvFARRAM                             nvFARRAM     000000
__Hnvbit                                nvbit        000000
__Hnvrram                               nvrram       000000
__Hparam                                rparam       000000
__Hpowerup                              powerup      00000E
__Hram                                  ram          000000
__Hramtop                               ramtop       000800
__Hrbit                                 rbit         000000
__Hrbss                                 rbss         000000
__Hrdata                                rdata        000000
__Hreset_vec                            reset_vec    000004
__Hrparam                               rparam       000000
__Hsfr                                  sfr          000000
__Hsmallconst                           smallconst   000812
__Hspace_0                              (abs)        000A02
__Hspace_1                              (abs)        00000D
__Hspace_2                              (abs)        000000
__Hspace_4                              (abs)        60000E
__Hstack                                stack        000000
__Hstruct                               struct       000000
__Htemp                                 temp         00000D
__Htext                                 text         000000
__Htext0                                text0        000000
__Htext1                                text1        000000
__Htext2                                text2        000000
__Htext3                                text3        000000
__Htext4                                text4        000000
__Htext5                                text5        000000
__Htext6                                text6        000000
__Htext7                                text7        000000
__Htext8                                text8        000000
__Htext9                                text9        000000
__LRAM                                  (abs)        000001
__L__absolute__                         __absolute__ 000000
__Labs1                                 abs1         000000
__Lbank0                                bank0        000000
__Lbank1                                bank1        000000
__Lbank2                                bank2        000000
__Lbank3                                bank3        000000
__Lbank4                                bank4        000000
__Lbank5                                bank5        000000
__Lbank6                                bank6        000000
__Lbank7                                bank7        000000
__Lbigbss                               bigbss       000000
__Lbigdata                              bigdata      000000
__Lbigram                               bigram       000000
__Lbigsfr                               bigsfr       000000
__Lbss                                  bss          000000
__Lcinit                                cinit        000000
__Lclrtext                              clrtext      000000
__Lcomram                               comram       000000
__Lconfig                               config       000000
__Lconst                                const        000000
__LcstackCOMRAM                         cstackCOMRAM 000000
__Ldata                                 data         000000
__Leeprom_data                          eeprom_data  000000
__Lfarbss                               farbss       000000
__Lfardata                              fardata      000000
__Lheap                                 heap         000000
__Libigdata                             ibigdata     000000
__Lidata                                idata        000000
__Lidloc                                idloc        000000
__Lifardata                             ifardata     000000
__Linit                                 init         00000E
__Lintcode                              intcode      000008
__Lintcode_body                         intcode_body 000000
__Lintcodelo                            intcodelo    00000E
__Lintentry                             intentry     000000
__Lintret                               intret       000000
__Lintsave_regs                         intsave_regs 000000
__Lirdata                               irdata       000000
__Lmediumconst                          mediumconst  000000
__LnvFARRAM                             nvFARRAM     000000
__Lnvbit                                nvbit        000000
__Lnvrram                               nvrram       000000
__Lparam                                rparam       000000
__Lpowerup                              powerup      00000E
__Lram                                  ram          000000
__Lramtop                               ramtop       000800
__Lrbit                                 rbit         000000
__Lrbss                                 rbss         000000
__Lrdata                                rdata        000000
__Lreset_vec                            reset_vec    000000
__Lrparam                               rparam       000000
__Lsfr                                  sfr          000000
__Lsmallconst                           smallconst   000800
__Lspace_0                              (abs)        000000
__Lspace_1                              (abs)        000000
__Lspace_2                              (abs)        000000
__Lspace_4                              (abs)        000000
__Lstack                                stack        000000
__Lstruct                               struct       000000
__Ltemp                                 temp         00000C
__Ltext                                 text         000000
__Ltext0                                text0        000000
__Ltext1                                text1        000000
__Ltext2                                text2        000000
__Ltext3                                text3        000000
__Ltext4                                text4        000000
__Ltext5                                text5        000000
__Ltext6                                text6        000000
__Ltext7                                text7        000000
__Ltext8                                text8        000000
__Ltext9                                text9        000000
__S0                                    (abs)        000A02
__S1                                    (abs)        00000D
__S4                                    (abs)        000000
__S5                                    (abs)        000000
___heap_hi                              (abs)        000000
___heap_lo                              (abs)        000000
___inthi_sp                             stack        000000
___intlo_sp                             stack        000000
___param_bank                           (abs)        000000
___rparam_used                          (abs)        000001
___sp                                   stack        000000
__accesstop                             (abs)        000060
__activetblptr                          (abs)        000001
__end_of_FM_Lcd_Easy_Gpio_Init          text9        0009FC
__end_of_FM_Lcd_Easy_Init               text6        0009BC
__end_of_FM_Lcd_Send_Character          text5        0009E8
__end_of_FM_Lcd_Send_Command            text7        0009F4
__end_of_FM_Lcd_Send_Nibble             text8        00087E
__end_of_FM_Lcd_Send_String             text4        0008CE
__end_of_FM_Lcd_Set_Cursor              text3        00095E
__end_of_ISR                            intcode_body 000A02
__end_of_Init_ADC_Module                text2        000992
__end_of_Init_Internal_Oscillator       text1        0009DC
__end_of__initialization                cinit        0009BC
__end_of_main                           text0        00091A
__initialization                        cinit        0009BC
__mediumconst                           mediumconst  000000
__pcinit                                cinit        0009BC
__pcstackCOMRAM                         cstackCOMRAM 000001
__pintcode                              intcode      000008
__pintcode_body                         intcode_body 0009FC
__psmallconst                           smallconst   000800
__ptext0                                text0        0008CE
__ptext1                                text1        0009CE
__ptext2                                text2        00095E
__ptext3                                text3        00091A
__ptext4                                text4        00087E
__ptext5                                text5        0009DC
__ptext6                                text6        000992
__ptext7                                text7        0009E8
__ptext8                                text8        000812
__ptext9                                text9        0009F4
__ramtop                                ramtop       000800
__smallconst                            smallconst   000800
_main                                   text0        0008CE
btemp                                   temp         00000C
end_of_initialization                   cinit        0009BC
int$flags                               temp         00000C
int_func                                intcode_body 0009FC
intlevel0                               text         000000
intlevel1                               text         000000
intlevel2                               text         000000
intlevel3                               text         000000
isa$std                                 (abs)        000001
isa$xinst                               (abs)        000000
stackhi                                 (abs)        000000
stacklo                                 (abs)        000000
start                                   init         00000E
start_initialization                    cinit        0009BC
ttemp5                                  temp         00000D
ttemp6                                  temp         000010
ttemp7                                  temp         000014
wtemp8                                  temp         00000D


MODULE INFORMATION

Module		Function		Class		Link	Load	Size
FM_LCD16X2_Easy.c
		_FM_Lcd_Easy_Init		CODE           	0992	0000	42
		_FM_Lcd_Send_Nibble		CODE           	0812	0000	108
		_FM_Lcd_Set_Cursor		CODE           	091A	0000	68
		_FM_Lcd_Easy_Gpio_Init		CODE           	09F4	0000	8
		_FM_Lcd_Send_String		CODE           	087E	0000	80
		_FM_Lcd_Send_Character		CODE           	09DC	0000	12
		_FM_Lcd_Send_Command		CODE           	09E8	0000	12

FM_LCD16X2_Easy.c estimated size: 330

shared
		__initialization		CODE           	09BC	0000	1

shared estimated size: 1

main.c
		_Init_Internal_Oscillator		CODE           	09CE	0000	14
		_ISR           		CODE           	0008	0000	12
		_main          		CODE           	08CE	0000	76
		_Init_ADC_Module		CODE           	095E	0000	52

main.c estimated size: 154

