Microchip MPLAB XC8 Compiler V2.41

Linker command line:

-W-3 \
  --edf=C:\Program Files\Microchip\xc8\v2.41\pic\dat\20230208172133_en.msgs \
  -cn -h+dist/default/production\LCD_DGRAM.X.production.sym \
  --cmf=dist/default/production\LCD_DGRAM.X.production.cmf -z -Q18F4550 \
  -oC:\Users\ADMINI~1\AppData\Local\Temp\xcAs2i18.\driver_tmp_3.o \
  --defsym=__MPLAB_BUILD=1 --fixupoverflow=error \
  -Mdist/default/production/LCD_DGRAM.X.production.map \
  --md=C:\Users\ADMINI~1\AppData\Local\Temp\xcAs2i18.\driver_tmp_0.dat -E1 \
  -ver=XC8 Compiler --acfsm=1493 -ACODE=00h-07FFFh -ACONST=00h-07FFFh \
  -ASMALLCONST=0800h-08FFhx120 -AMEDIUMCONST=0800h-07FFFh -ACOMRAM=01h-05Fh \
  -AABS1=00h-07FFh -ABIGRAM=01h-07FFh -ARAM=060h-0FFh,0100h-01FFhx7 \
  -ABANK0=060h-0FFh -ABANK1=0100h-01FFh -ABANK2=0200h-02FFh \
  -ABANK3=0300h-03FFh -ABANK4=0400h-04FFh -ABANK5=0500h-05FFh \
  -ABANK6=0600h-06FFh -ABANK7=0700h-07FFh -ASFR=0F60h-0FFFh \
  -ABIGSFR=0F60h-0FFFh -ACONFIG=0300000h-030000Dh -AIDLOC=0200000h-0200007h \
  -AEEDATA=0F00000h-0F000FFh -peeprom_data=EEDATA \
  -preset_vec=00h,intcode,intcodelo,powerup,init -pramtop=0800h \
  -psmallconst=SMALLCONST -pmediumconst=MEDIUMCONST -pconst=CONST \
  -AFARRAM=00h-00h \
  -prdata=COMRAM,nvrram=COMRAM,nvbit=COMRAM,rbss=COMRAM,rbit=COMRAM \
  -pfarbss=FARRAM,fardata=FARRAM,nvFARRAM=FARRAM \
  -pintsave_regs=BIGRAM,bigbss=BIGRAM,bigdata=BIGRAM -pbss=RAM \
  -pidata=CODE,irdata=CODE,ibigdata=CODE,ifardata=CODE -prparam=COMRAM \
  C:\Users\ADMINI~1\AppData\Local\Temp\xcAs2i18.\driver_tmp_9.o \
  dist/default/production\LCD_DGRAM.X.production.o 

Object code version is 3.11

Machine type is 18F4550



                Name                               Link     Load   Length Selector   Space Scale
C:\Users\ADMINI~1\AppData\Local\Temp\xcAs2i18.\driver_tmp_9.o
                idloc                            200000   200000        8        0       5
                config                           300000   300000        E        0       4
                init                                  0        0        4        0       0
dist/default/production\LCD_DGRAM.X.production.o
                idloc                            200000   200000        8        0       5
                config                           300000   300000        E        0       4
                smallconst                          800      800        8      400       0
                text9                               9A2      9A2        E      404       0
                text8                               9D4      9D4        C      404       0
                text7                               808      808       6C      404       0
                text6                               9C8      9C8        C      404       0
                text5                               976      976       2C      404       0
                text4                               9BC      9BC        C      404       0
                text3                               90E      90E       3A      404       0
                text2                               874      874       56      404       0
                text1                               9B0      9B0        C      404       0
                text0                               8CA      8CA       44      404       0
                cstackCOMRAM                          1        1        B        1       1
                dataCOMRAM                            C        C        8        1       1
                cinit                               948      948       2E      404       0
                idataCOMRAM                         9E0      9E0        8      404       0

TOTAL           Name                               Link     Load   Length     Space
        CLASS   CODE           
                init                                  0        0        4         0
                text9                               9A2      9A2        E         0
                text8                               9D4      9D4        C         0
                text7                               808      808       6C         0
                text6                               9C8      9C8        C         0
                text5                               976      976       2C         0
                text4                               9BC      9BC        C         0
                text3                               90E      90E       3A         0
                text2                               874      874       56         0
                text1                               9B0      9B0        C         0
                text0                               8CA      8CA       44         0
                cinit                               948      948       2E         0
                idataCOMRAM                         9E0      9E0        8         0

        CLASS   CONST          

        CLASS   SMALLCONST     
                smallconst                          800      800        8         0

        CLASS   MEDIUMCONST    

        CLASS   COMRAM         
                cstackCOMRAM                          1        1        B         1
                dataCOMRAM                            C        C        8         1

        CLASS   ABS1           

        CLASS   BIGRAM         

        CLASS   RAM            

        CLASS   BANK0          

        CLASS   BANK1          

        CLASS   BANK2          

        CLASS   BANK3          

        CLASS   BANK4          

        CLASS   BANK5          

        CLASS   BANK6          

        CLASS   BANK7          

        CLASS   SFR            

        CLASS   BIGSFR         

        CLASS   CONFIG         
                config                           300000   300000        E         4

        CLASS   IDLOC          
                idloc                            200000   200000        8         5

        CLASS   EEDATA         

        CLASS   FARRAM         

        CLASS   HEAP           

        CLASS   STACK          



SEGMENTS        Name                           Load    Length   Top    Selector   Space  Class

                reset_vec                      000000  000004  000004         0       0  CODE    
                cstackCOMRAM                   000001  000013  000014         1       1  COMRAM  
                smallconst                     000800  000008  000808       400       0  SMALLCON
                text7                          000808  0001E0  0009E8       404       0  CODE    


UNUSED ADDRESS RANGES

        Name                Unused          Largest block    Delta
        BANK0            000060-0000FF               A0
        BANK1            000100-0001FF              100
        BANK2            000200-0002FF              100
        BANK3            000300-0003FF              100
        BANK4            000400-0004FF              100
        BANK5            000500-0005FF              100
        BANK6            000600-0006FF              100
        BANK7            000700-0007FF              100
        BIGRAM           000014-0007FF              7EC
        BIGSFR           000F60-000FFF               A0
        CODE             000004-0007FF              7FC
                         0009E8-007FFF             7618
        COMRAM           000014-00005F               4C
        CONST            000004-0007FF              7FC
                         0009E8-007FFF             7618
        EEDATA           F00000-F000FF              100
        MEDIUMCONST      0009E8-007FFF             7618
        RAM              000060-0007FF              100
        SFR              000F60-000FFF               A0
        SMALLCONST       0009E8-007FFF              100

                                  Symbol Table

Lcd_Save_Character@caracter       cstackCOMRAM 000006
Lcd_Save_Character@dir            cstackCOMRAM 000008
Lcd_Save_Character@index          cstackCOMRAM 000009
Lcd_Send_Character@character      cstackCOMRAM 000005
Lcd_Send_Command@command          cstackCOMRAM 000005
Lcd_Send_Nibble@byte              cstackCOMRAM 000002
Lcd_Send_Nibble@lower_bits        cstackCOMRAM 000004
Lcd_Send_Nibble@upper_bits        cstackCOMRAM 000003
Lcd_Send_String@cadena            cstackCOMRAM 000006
Lcd_Send_String@string_index      cstackCOMRAM 00000A
Lcd_Set_Cursor_XY@columna         cstackCOMRAM 000006
Lcd_Set_Cursor_XY@fila            cstackCOMRAM 000007
_Init_Internal_Oscillator         text9        0009A2
_Init_Lcd_16x2                    text5        000976
_Init_Lcd_Gpio                    text8        0009D4
_LATCbits                         (abs)        000F8B
_LATD                             (abs)        000F8C
_Lcd_Save_Character               text3        00090E
_Lcd_Send_Character               text4        0009BC
_Lcd_Send_Command                 text6        0009C8
_Lcd_Send_Nibble                  text7        000808
_Lcd_Send_String                  text2        000874
_Lcd_Set_Cursor_XY                text1        0009B0
_OSCCON                           (abs)        000FD3
_OSCCONbits                       (abs)        000FD3
_PORTDbits                        (abs)        000F83
_TRISCbits                        (abs)        000F94
_TRISD                            (abs)        000F95
_TRISDbits                        (abs)        000F95
__HRAM                            (abs)        000000
__H__absolute__                   __absolute__ 000000
__Habs1                           abs1         000000
__Hbank0                          bank0        000000
__Hbank1                          bank1        000000
__Hbank2                          bank2        000000
__Hbank3                          bank3        000000
__Hbank4                          bank4        000000
__Hbank5                          bank5        000000
__Hbank6                          bank6        000000
__Hbank7                          bank7        000000
__Hbigbss                         bigbss       000000
__Hbigdata                        bigdata      000000
__Hbigram                         bigram       000000
__Hbigsfr                         bigsfr       000000
__Hbss                            bss          000000
__Hcinit                          cinit        000000
__Hclrtext                        clrtext      000000
__Hcomram                         comram       000000
__Hconfig                         config       30000E
__Hconst                          const        000000
__HcstackCOMRAM                   cstackCOMRAM 000000
__Hdata                           data         000000
__HdataCOMRAM                     dataCOMRAM   000000
__Heeprom_data                    eeprom_data  000000
__Hfarbss                         farbss       000000
__Hfardata                        fardata      000000
__Hheap                           heap         000000
__Hibigdata                       ibigdata     000000
__Hidata                          idata        000000
__HidataCOMRAM                    idataCOMRAM  000000
__Hidloc                          idloc        200008
__Hifardata                       ifardata     000000
__Hinit                           init         000004
__Hintcode                        intcode      000000
__Hintcode_body                   intcode_body 000000
__Hintcodelo                      intcodelo    000000
__Hintentry                       intentry     000000
__Hintret                         intret       000000
__Hintsave_regs                   intsave_regs 000000
__Hirdata                         irdata       000000
__Hmediumconst                    mediumconst  000000
__HnvFARRAM                       nvFARRAM     000000
__Hnvbit                          nvbit        000000
__Hnvrram                         nvrram       000000
__Hparam                          rparam       000000
__Hpowerup                        powerup      000000
__Hram                            ram          000000
__Hramtop                         ramtop       000800
__Hrbit                           rbit         000000
__Hrbss                           rbss         000000
__Hrdata                          rdata        000000
__Hreset_vec                      reset_vec    000000
__Hrparam                         rparam       000000
__Hsfr                            sfr          000000
__Hsmallconst                     smallconst   000808
__Hspace_0                        (abs)        0009E8
__Hspace_1                        (abs)        000014
__Hspace_2                        (abs)        000000
__Hspace_4                        (abs)        60000E
__Hstack                          stack        000000
__Hstruct                         struct       000000
__Htemp                           temp         000000
__Htext                           text         000000
__Htext0                          text0        000000
__Htext1                          text1        000000
__Htext2                          text2        000000
__Htext3                          text3        000000
__Htext4                          text4        000000
__Htext5                          text5        000000
__Htext6                          text6        000000
__Htext7                          text7        000000
__Htext8                          text8        000000
__Htext9                          text9        000000
__LRAM                            (abs)        000001
__L__absolute__                   __absolute__ 000000
__Labs1                           abs1         000000
__Lbank0                          bank0        000000
__Lbank1                          bank1        000000
__Lbank2                          bank2        000000
__Lbank3                          bank3        000000
__Lbank4                          bank4        000000
__Lbank5                          bank5        000000
__Lbank6                          bank6        000000
__Lbank7                          bank7        000000
__Lbigbss                         bigbss       000000
__Lbigdata                        bigdata      000000
__Lbigram                         bigram       000000
__Lbigsfr                         bigsfr       000000
__Lbss                            bss          000000
__Lcinit                          cinit        000000
__Lclrtext                        clrtext      000000
__Lcomram                         comram       000000
__Lconfig                         config       000000
__Lconst                          const        000000
__LcstackCOMRAM                   cstackCOMRAM 000000
__Ldata                           data         000000
__LdataCOMRAM                     dataCOMRAM   000000
__Leeprom_data                    eeprom_data  000000
__Lfarbss                         farbss       000000
__Lfardata                        fardata      000000
__Lheap                           heap         000000
__Libigdata                       ibigdata     000000
__Lidata                          idata        000000
__LidataCOMRAM                    idataCOMRAM  000000
__Lidloc                          idloc        000000
__Lifardata                       ifardata     000000
__Linit                           init         000000
__Lintcode                        intcode      000000
__Lintcode_body                   intcode_body 000000
__Lintcodelo                      intcodelo    000000
__Lintentry                       intentry     000000
__Lintret                         intret       000000
__Lintsave_regs                   intsave_regs 000000
__Lirdata                         irdata       000000
__Lmediumconst                    mediumconst  000000
__LnvFARRAM                       nvFARRAM     000000
__Lnvbit                          nvbit        000000
__Lnvrram                         nvrram       000000
__Lparam                          rparam       000000
__Lpowerup                        powerup      000000
__Lram                            ram          000000
__Lramtop                         ramtop       000800
__Lrbit                           rbit         000000
__Lrbss                           rbss         000000
__Lrdata                          rdata        000000
__Lreset_vec                      reset_vec    000000
__Lrparam                         rparam       000000
__Lsfr                            sfr          000000
__Lsmallconst                     smallconst   000800
__Lspace_0                        (abs)        000000
__Lspace_1                        (abs)        000000
__Lspace_2                        (abs)        000000
__Lspace_4                        (abs)        000000
__Lstack                          stack        000000
__Lstruct                         struct       000000
__Ltemp                           temp         000000
__Ltext                           text         000000
__Ltext0                          text0        000000
__Ltext1                          text1        000000
__Ltext2                          text2        000000
__Ltext3                          text3        000000
__Ltext4                          text4        000000
__Ltext5                          text5        000000
__Ltext6                          text6        000000
__Ltext7                          text7        000000
__Ltext8                          text8        000000
__Ltext9                          text9        000000
__S0                              (abs)        0009E8
__S1                              (abs)        000014
__S4                              (abs)        000000
__S5                              (abs)        000000
___heap_hi                        (abs)        000000
___heap_lo                        (abs)        000000
___inthi_sp                       stack        000000
___intlo_sp                       stack        000000
___param_bank                     (abs)        000000
___rparam_used                    (abs)        000001
___sp                             stack        000000
__accesstop                       (abs)        000060
__activetblptr                    (abs)        000001
__end_of_Init_Internal_Oscillator text9        0009B0
__end_of_Init_Lcd_16x2            text5        0009A2
__end_of_Init_Lcd_Gpio            text8        0009E0
__end_of_Lcd_Save_Character       text3        000948
__end_of_Lcd_Send_Character       text4        0009C8
__end_of_Lcd_Send_Command         text6        0009D4
__end_of_Lcd_Send_Nibble          text7        000874
__end_of_Lcd_Send_String          text2        0008CA
__end_of_Lcd_Set_Cursor_XY        text1        0009BC
__end_of__initialization          cinit        000968
__end_of_main                     text0        00090E
__initialization                  cinit        000948
__mediumconst                     mediumconst  000000
__pcinit                          cinit        000948
__pcstackCOMRAM                   cstackCOMRAM 000001
__pdataCOMRAM                     dataCOMRAM   00000C
__pidataCOMRAM                    idataCOMRAM  0009E0
__psmallconst                     smallconst   000800
__ptext0                          text0        0008CA
__ptext1                          text1        0009B0
__ptext2                          text2        000874
__ptext3                          text3        00090E
__ptext4                          text4        0009BC
__ptext5                          text5        000976
__ptext6                          text6        0009C8
__ptext7                          text7        000808
__ptext8                          text8        0009D4
__ptext9                          text9        0009A2
__ramtop                          ramtop       000800
__smallconst                      smallconst   000800
_caracter                         dataCOMRAM   00000C
_main                             text0        0008CA
end_of_initialization             cinit        000968
intlevel0                         text         000000
intlevel1                         text         000000
intlevel2                         text         000000
intlevel3                         text         000000
isa$std                           (abs)        000001
isa$xinst                         (abs)        000000
stackhi                           (abs)        000000
stacklo                           (abs)        000000
start                             init         000000
start_initialization              cinit        000948


MODULE INFORMATION

Module		Function		Class		Link	Load	Size
lcd_16x2.c
		_Lcd_Send_Command		CODE           	09C8	0000	12
		_Lcd_Set_Cursor_XY		CODE           	09B0	0000	12
		_Init_Lcd_16x2 		CODE           	0976	0000	44
		_Init_Lcd_Gpio 		CODE           	09D4	0000	12
		_Lcd_Send_Nibble		CODE           	0808	0000	108
		_Lcd_Send_String		CODE           	0874	0000	86
		_Lcd_Send_Character		CODE           	09BC	0000	12
		_Lcd_Save_Character		CODE           	090E	0000	58

lcd_16x2.c estimated size: 344

shared
		__initialization		CODE           	0948	0000	32

shared estimated size: 32

main.c
		_Init_Internal_Oscillator		CODE           	09A2	0000	14
		_main          		CODE           	08CA	0000	68

main.c estimated size: 82

